Component: ARM Compiler 5.05 (build 41) Tool: armlink [4d0eb9]

==============================================================================

Section Cross References

    startup_stm32f4xx.o(RESET) refers to startup_stm32f4xx.o(STACK) for __initial_sp
    startup_stm32f4xx.o(RESET) refers to startup_stm32f4xx.o(.text) for Reset_Handler
    startup_stm32f4xx.o(RESET) refers to stm32f4xx_it.o(i.NMI_Handler) for NMI_Handler
    startup_stm32f4xx.o(RESET) refers to stm32f4xx_it.o(i.HardFault_Handler) for HardFault_Handler
    startup_stm32f4xx.o(RESET) refers to stm32f4xx_it.o(i.MemManage_Handler) for MemManage_Handler
    startup_stm32f4xx.o(RESET) refers to stm32f4xx_it.o(i.BusFault_Handler) for BusFault_Handler
    startup_stm32f4xx.o(RESET) refers to stm32f4xx_it.o(i.UsageFault_Handler) for UsageFault_Handler
    startup_stm32f4xx.o(RESET) refers to stm32f4xx_it.o(i.SVC_Handler) for SVC_Handler
    startup_stm32f4xx.o(RESET) refers to stm32f4xx_it.o(i.DebugMon_Handler) for DebugMon_Handler
    startup_stm32f4xx.o(RESET) refers to stm32f4xx_it.o(i.PendSV_Handler) for PendSV_Handler
    startup_stm32f4xx.o(RESET) refers to stm32f4xx_it.o(i.SysTick_Handler) for SysTick_Handler
    startup_stm32f4xx.o(RESET) refers to stm32f4xx_it.o(i.EXTI0_IRQHandler) for EXTI0_IRQHandler
    startup_stm32f4xx.o(RESET) refers to stm32f4xx_it.o(i.OTG_FS_WKUP_IRQHandler) for OTG_FS_WKUP_IRQHandler
    startup_stm32f4xx.o(RESET) refers to stm32f4xx_it.o(i.OTG_FS_IRQHandler) for OTG_FS_IRQHandler
    startup_stm32f4xx.o(.text) refers to system_stm32f4xx.o(i.SystemInit) for SystemInit
    startup_stm32f4xx.o(.text) refers to entry.o(.ARM.Collect$$$$00000000) for __main
    usbd_video_core.o(i.USBD_video_GetCfgDesc) refers to usbd_video_core.o(.data) for usbd_video_CfgDesc
    usbd_video_core.o(i.VIDEO_Req_GetCurrent) refers to usb_dcd.o(i.DCD_EP_Flush) for DCD_EP_Flush
    usbd_video_core.o(i.VIDEO_Req_GetCurrent) refers to usbd_ioreq.o(i.USBD_CtlSendData) for USBD_CtlSendData
    usbd_video_core.o(i.VIDEO_Req_GetCurrent) refers to usbd_video_core.o(.data) for videoProbeControl
    usbd_video_core.o(i.VIDEO_Req_SetCurrent) refers to usbd_ioreq.o(i.USBD_CtlPrepareRx) for USBD_CtlPrepareRx
    usbd_video_core.o(i.VIDEO_Req_SetCurrent) refers to usbd_video_core.o(.data) for videoProbeControl
    usbd_video_core.o(i.usbd_video_DataIn) refers to usb_dcd.o(i.DCD_EP_Flush) for DCD_EP_Flush
    usbd_video_core.o(i.usbd_video_DataIn) refers to jprocess.o(i.switch_buffers) for switch_buffers
    usbd_video_core.o(i.usbd_video_DataIn) refers to usb_dcd.o(i.DCD_EP_Tx) for DCD_EP_Tx
    usbd_video_core.o(i.usbd_video_DataIn) refers to stm32f4_discovery.o(i.STM_EVAL_LEDToggle) for STM_EVAL_LEDToggle
    usbd_video_core.o(i.usbd_video_DataIn) refers to usbd_video_core.o(.data) for tx_enable_flag
    usbd_video_core.o(i.usbd_video_DataIn) refers to main.o(.data) for jpeg_encode_done
    usbd_video_core.o(i.usbd_video_DataIn) refers to jprocess.o(.data) for read_pointer
    usbd_video_core.o(i.usbd_video_DeInit) refers to usb_dcd.o(i.DCD_EP_Close) for DCD_EP_Close
    usbd_video_core.o(i.usbd_video_Init) refers to usb_dcd.o(i.DCD_EP_Open) for DCD_EP_Open
    usbd_video_core.o(i.usbd_video_SOF) refers to usb_dcd.o(i.DCD_EP_Flush) for DCD_EP_Flush
    usbd_video_core.o(i.usbd_video_SOF) refers to usb_dcd.o(i.DCD_EP_Tx) for DCD_EP_Tx
    usbd_video_core.o(i.usbd_video_SOF) refers to usbd_video_core.o(.data) for play_status
    usbd_video_core.o(i.usbd_video_Setup) refers to usbd_video_core.o(i.VIDEO_Req_GetCurrent) for VIDEO_Req_GetCurrent
    usbd_video_core.o(i.usbd_video_Setup) refers to usbd_video_core.o(i.VIDEO_Req_SetCurrent) for VIDEO_Req_SetCurrent
    usbd_video_core.o(i.usbd_video_Setup) refers to usbd_req.o(i.USBD_CtlError) for USBD_CtlError
    usbd_video_core.o(i.usbd_video_Setup) refers to stm32f4_discovery.o(i.STM_EVAL_LEDOn) for STM_EVAL_LEDOn
    usbd_video_core.o(i.usbd_video_Setup) refers to usbd_ioreq.o(i.USBD_CtlSendData) for USBD_CtlSendData
    usbd_video_core.o(i.usbd_video_Setup) refers to stm32f4_discovery.o(i.STM_EVAL_LEDOff) for STM_EVAL_LEDOff
    usbd_video_core.o(i.usbd_video_Setup) refers to usb_dcd.o(i.DCD_EP_Flush) for DCD_EP_Flush
    usbd_video_core.o(i.usbd_video_Setup) refers to usbd_video_core.o(.data) for usbd_video_CfgDesc
    usbd_video_core.o(.data) refers to usbd_video_core.o(i.usbd_video_Init) for usbd_video_Init
    usbd_video_core.o(.data) refers to usbd_video_core.o(i.usbd_video_DeInit) for usbd_video_DeInit
    usbd_video_core.o(.data) refers to usbd_video_core.o(i.usbd_video_Setup) for usbd_video_Setup
    usbd_video_core.o(.data) refers to usbd_video_core.o(i.usbd_video_EP0_RxReady) for usbd_video_EP0_RxReady
    usbd_video_core.o(.data) refers to usbd_video_core.o(i.usbd_video_DataIn) for usbd_video_DataIn
    usbd_video_core.o(.data) refers to usbd_video_core.o(i.usbd_video_DataOut) for usbd_video_DataOut
[...]
    ..\..\..\Libraries\STM32_USB_Device_Library\Core\src\usbd_core.c 0x00000000   Number         0  usbd_core.o ABSOLUTE
    ..\..\..\Libraries\STM32_USB_Device_Library\Core\src\usbd_ioreq.c 0x00000000   Number         0  usbd_ioreq.o ABSOLUTE
    ..\..\..\Libraries\STM32_USB_Device_Library\Core\src\usbd_req.c 0x00000000   Number         0  usbd_req.o ABSOLUTE
    ..\..\..\Libraries\STM32_USB_OTG_Driver\src\usb_core.c 0x00000000   Number         0  usb_core.o ABSOLUTE
    ..\..\..\Libraries\STM32_USB_OTG_Driver\src\usb_dcd.c 0x00000000   Number         0  usb_dcd.o ABSOLUTE
    ..\..\..\Libraries\STM32_USB_OTG_Driver\src\usb_dcd_int.c 0x00000000   Number         0  usb_dcd_int.o ABSOLUTE
    ..\..\..\Utilities\STM32F4-Discovery\stm32f4_discovery.c 0x00000000   Number         0  stm32f4_discovery.o ABSOLUTE
    ..\\..\\..\\Libraries\\STM32F4xx_StdPeriph_Driver\\src\\misc.c 0x00000000   Number         0  misc.o ABSOLUTE
    ..\\..\\..\\Libraries\\STM32F4xx_StdPeriph_Driver\\src\\stm32f4xx_adc.c 0x00000000   Number         0  stm32f4xx_adc.o ABSOLUTE
    ..\\..\\..\\Libraries\\STM32F4xx_StdPeriph_Driver\\src\\stm32f4xx_dma.c 0x00000000   Number         0  stm32f4xx_dma.o ABSOLUTE
    ..\\..\\..\\Libraries\\STM32F4xx_StdPeriph_Driver\\src\\stm32f4xx_exti.c 0x00000000   Number         0  stm32f4xx_exti.o ABSOLUTE
    ..\\..\\..\\Libraries\\STM32F4xx_StdPeriph_Driver\\src\\stm32f4xx_flash.c 0x00000000   Number         0  stm32f4xx_flash.o ABSOLUTE
    ..\\..\\..\\Libraries\\STM32F4xx_StdPeriph_Driver\\src\\stm32f4xx_gpio.c 0x00000000   Number         0  stm32f4xx_gpio.o ABSOLUTE
    ..\\..\\..\\Libraries\\STM32F4xx_StdPeriph_Driver\\src\\stm32f4xx_i2c.c 0x00000000   Number         0  stm32f4xx_i2c.o ABSOLUTE
    ..\\..\\..\\Libraries\\STM32F4xx_StdPeriph_Driver\\src\\stm32f4xx_rcc.c 0x00000000   Number         0  stm32f4xx_rcc.o ABSOLUTE
    ..\\..\\..\\Libraries\\STM32F4xx_StdPeriph_Driver\\src\\stm32f4xx_spi.c 0x00000000   Number         0  stm32f4xx_spi.o ABSOLUTE
    ..\\..\\..\\Libraries\\STM32F4xx_StdPeriph_Driver\\src\\stm32f4xx_syscfg.c 0x00000000   Number         0  stm32f4xx_syscfg.o ABSOLUTE
    ..\\..\\..\\Libraries\\STM32F4xx_StdPeriph_Driver\\src\\stm32f4xx_tim.c 0x00000000   Number         0  stm32f4xx_tim.o ABSOLUTE
    ..\\..\\..\\Libraries\\STM32_USB_Device_Library\\Class\\video\\src\\usbd_video_core.c 0x00000000   Number         0  usbd_video_core.o ABSOLUTE
    ..\\..\\..\\Libraries\\STM32_USB_Device_Library\\Core\\src\\usbd_core.c 0x00000000   Number         0  usbd_core.o ABSOLUTE
    ..\\..\\..\\Libraries\\STM32_USB_Device_Library\\Core\\src\\usbd_ioreq.c 0x00000000   Number         0  usbd_ioreq.o ABSOLUTE
    ..\\..\\..\\Libraries\\STM32_USB_Device_Library\\Core\\src\\usbd_req.c 0x00000000   Number         0  usbd_req.o ABSOLUTE
    ..\\..\\..\\Libraries\\STM32_USB_OTG_Driver\\src\\usb_core.c 0x00000000   Number         0  usb_core.o ABSOLUTE
    ..\\..\\..\\Libraries\\STM32_USB_OTG_Driver\\src\\usb_dcd.c 0x00000000   Number         0  usb_dcd.o ABSOLUTE
    ..\\..\\..\\Libraries\\STM32_USB_OTG_Driver\\src\\usb_dcd_int.c 0x00000000   Number         0  usb_dcd_int.o ABSOLUTE
    ..\\..\\..\\Utilities\\STM32F4-Discovery\\stm32f4_discovery.c 0x00000000   Number         0  stm32f4_discovery.o ABSOLUTE
    ..\\main.c                               0x00000000   Number         0  main.o ABSOLUTE
    ..\\stm32f4xx_it.c                       0x00000000   Number         0  stm32f4xx_it.o ABSOLUTE
    ..\\system_stm32f4xx.c                   0x00000000   Number         0  system_stm32f4xx.o ABSOLUTE
    ..\\usb_bsp.c                            0x00000000   Number         0  usb_bsp.o ABSOLUTE
    ..\\usbd_desc.c                          0x00000000   Number         0  usbd_desc.o ABSOLUTE
    ..\\usbd_usr.c                           0x00000000   Number         0  usbd_usr.o ABSOLUTE
    ..\jprocess.c                            0x00000000   Number         0  jprocess.o ABSOLUTE
    ..\main.c                                0x00000000   Number         0  main.o ABSOLUTE
    ..\stm32f4xx_it.c                        0x00000000   Number         0  stm32f4xx_it.o ABSOLUTE
    ..\system_stm32f4xx.c                    0x00000000   Number         0  system_stm32f4xx.o ABSOLUTE
    ..\usb_bsp.c                             0x00000000   Number         0  usb_bsp.o ABSOLUTE
    ..\usbd_desc.c                           0x00000000   Number         0  usbd_desc.o ABSOLUTE
    ..\usbd_usr.c                            0x00000000   Number         0  usbd_usr.o ABSOLUTE
    dc.s                                     0x00000000   Number         0  dc.o ABSOLUTE
    handlers.s                               0x00000000   Number         0  handlers.o ABSOLUTE
    init.s                                   0x00000000   Number         0  init.o ABSOLUTE
    startup_stm32f4xx.s                      0x00000000   Number         0  startup_stm32f4xx.o ABSOLUTE
    RESET                                    0x08000000   Section      392  startup_stm32f4xx.o(RESET)
    .ARM.Collect$$$$00000000                 0x08000188   Section        0  entry.o(.ARM.Collect$$$$00000000)
    .ARM.Collect$$$$00000001                 0x08000188   Section        4  entry2.o(.ARM.Collect$$$$00000001)
    .ARM.Collect$$$$00000004                 0x0800018c   Section        4  entry5.o(.ARM.Collect$$$$00000004)
    .ARM.Collect$$$$00000008                 0x08000190   Section        0  entry7b.o(.ARM.Collect$$$$00000008)
    .ARM.Collect$$$$0000000A                 0x08000190   Section        0  entry8b.o(.ARM.Collect$$$$0000000A)
    .ARM.Collect$$$$0000000B                 0x08000190   Section        8  entry9a.o(.ARM.Collect$$$$0000000B)
    .ARM.Collect$$$$0000000D                 0x08000198   Section        0  entry10a.o(.ARM.Collect$$$$0000000D)
    .ARM.Collect$$$$0000000F                 0x08000198   Section        0  entry11a.o(.ARM.Collect$$$$0000000F)
    .ARM.Collect$$$$00002712                 0x08000198   Section        4  entry2.o(.ARM.Collect$$$$00002712)
    __lit__00000000                          0x08000198   Data           4  entry2.o(.ARM.Collect$$$$00002712)
    .text                                    0x0800019c   Section       36  startup_stm32f4xx.o(.text)
    $v0                                      0x0800019c   Number         0  startup_stm32f4xx.o(.text)
    .text                                    0x080001c0   Section        0  dadd.o(.text)
    .text                                    0x0800030e   Section        0  dmul.o(.text)
    .text                                    0x080003f2   Section        0  dfixi.o(.text)
    .text                                    0x08000430   Section        0  llshl.o(.text)
    .text                                    0x0800044e   Section        0  llushr.o(.text)
    .text                                    0x0800046e   Section        0  llsshr.o(.text)
    .text                                    0x08000492   Section        0  depilogue.o(.text)
    .text                                    0x08000492   Section        0  iusefp.o(.text)
    .text                                    0x0800054c   Section       36  init.o(.text)
    .text                                    0x08000570   Section        0  ddiv.o(.text)
    .text                                    0x0800064e   Section        0  dflti.o(.text)
    .text                                    0x08000670   Section        0  dfltui.o(.text)
    .text                                    0x0800068a   Section        0  __dczerorl2.o(.text)
    i.BusFault_Handler                       0x080006e0   Section        0  stm32f4xx_it.o(i.BusFault_Handler)
    i.DCD_EP_Close                           0x080006e4   Section        0  usb_dcd.o(i.DCD_EP_Close)
    i.DCD_EP_ClrStall                        0x0800072e   Section        0  usb_dcd.o(i.DCD_EP_ClrStall)
    i.DCD_EP_Flush                           0x08000776   Section        0  usb_dcd.o(i.DCD_EP_Flush)
    i.DCD_EP_Open                            0x0800079a   Section        0  usb_dcd.o(i.DCD_EP_Open)
    i.DCD_EP_PrepareRx                       0x08000802   Section        0  usb_dcd.o(i.DCD_EP_PrepareRx)
    i.DCD_EP_SetAddress                      0x08000854   Section        0  usb_dcd.o(i.DCD_EP_SetAddress)
    i.DCD_EP_Stall                           0x08000870   Section        0  usb_dcd.o(i.DCD_EP_Stall)
    i.DCD_EP_Tx                              0x080008b8   Section        0  usb_dcd.o(i.DCD_EP_Tx)
    i.DCD_HandleEnumDone_ISR                 0x08000906   Section        0  usb_dcd_int.o(i.DCD_HandleEnumDone_ISR)
    DCD_HandleEnumDone_ISR                   0x08000907   Thumb Code   102  usb_dcd_int.o(i.DCD_HandleEnumDone_ISR)
    i.DCD_HandleInEP_ISR                     0x0800096c   Section        0  usb_dcd_int.o(i.DCD_HandleInEP_ISR)
    DCD_HandleInEP_ISR                       0x0800096d   Thumb Code   356  usb_dcd_int.o(i.DCD_HandleInEP_ISR)
    i.DCD_HandleOutEP_ISR                    0x08000ad4   Section        0  usb_dcd_int.o(i.DCD_HandleOutEP_ISR)
    DCD_HandleOutEP_ISR                      0x08000ad5   Thumb Code   252  usb_dcd_int.o(i.DCD_HandleOutEP_ISR)
    i.DCD_HandleResume_ISR                   0x08000bd4   Section        0  usb_dcd_int.o(i.DCD_HandleResume_ISR)
    DCD_HandleResume_ISR                     0x08000bd5   Thumb Code   100  usb_dcd_int.o(i.DCD_HandleResume_ISR)
    i.DCD_HandleRxStatusQueueLevel_ISR       0x08000c3c   Section        0  usb_dcd_int.o(i.DCD_HandleRxStatusQueueLevel_ISR)
    DCD_HandleRxStatusQueueLevel_ISR         0x08000c3d   Thumb Code   176  usb_dcd_int.o(i.DCD_HandleRxStatusQueueLevel_ISR)
    i.DCD_HandleSof_ISR                      0x08000cec   Section        0  usb_dcd_int.o(i.DCD_HandleSof_ISR)
    DCD_HandleSof_ISR                        0x08000ced   Thumb Code    38  usb_dcd_int.o(i.DCD_HandleSof_ISR)
    i.DCD_HandleUSBSuspend_ISR               0x08000d18   Section        0  usb_dcd_int.o(i.DCD_HandleUSBSuspend_ISR)
    DCD_HandleUSBSuspend_ISR                 0x08000d19   Thumb Code   158  usb_dcd_int.o(i.DCD_HandleUSBSuspend_ISR)
    i.DCD_HandleUsbReset_ISR                 0x08000dc0   Section        0  usb_dcd_int.o(i.DCD_HandleUsbReset_ISR)
    DCD_HandleUsbReset_ISR                   0x08000dc1   Thumb Code   254  usb_dcd_int.o(i.DCD_HandleUsbReset_ISR)
    i.DCD_Init                               0x08000ec4   Section        0  usb_dcd.o(i.DCD_Init)
    i.DCD_ReadDevInEP                        0x08000f60   Section        0  usb_dcd_int.o(i.DCD_ReadDevInEP)
    DCD_ReadDevInEP                          0x08000f61   Thumb Code    40  usb_dcd_int.o(i.DCD_ReadDevInEP)
    i.DCD_WriteEmptyTxFifo                   0x08000f88   Section        0  usb_dcd_int.o(i.DCD_WriteEmptyTxFifo)
    DCD_WriteEmptyTxFifo                     0x08000f89   Thumb Code   174  usb_dcd_int.o(i.DCD_WriteEmptyTxFifo)
    i.DebugMon_Handler                       0x08001036   Section        0  stm32f4xx_it.o(i.DebugMon_Handler)
    i.EXTI0_IRQHandler                       0x08001038   Section        0  stm32f4xx_it.o(i.EXTI0_IRQHandler)
    i.EXTI_ClearITPendingBit                 0x0800104c   Section        0  stm32f4xx_exti.o(i.EXTI_ClearITPendingBit)
    i.EXTI_Init                              0x08001058   Section        0  stm32f4xx_exti.o(i.EXTI_Init)
    i.GPIO_Init                              0x080010ec   Section        0  stm32f4xx_gpio.o(i.GPIO_Init)
    i.GPIO_PinAFConfig                       0x0800117c   Section        0  stm32f4xx_gpio.o(i.GPIO_PinAFConfig)
    i.HardFault_Handler                      0x080011c2   Section        0  stm32f4xx_it.o(i.HardFault_Handler)
    i.MemManage_Handler                      0x080011c6   Section        0  stm32f4xx_it.o(i.MemManage_Handler)
    i.NMI_Handler                            0x080011ca   Section        0  stm32f4xx_it.o(i.NMI_Handler)
    i.NVIC_Init                              0x080011cc   Section        0  misc.o(i.NVIC_Init)
    i.NVIC_PriorityGroupConfig               0x08001244   Section        0  misc.o(i.NVIC_PriorityGroupConfig)
    i.OTG_FS_IRQHandler                      0x08001258   Section        0  stm32f4xx_it.o(i.OTG_FS_IRQHandler)
    i.OTG_FS_WKUP_IRQHandler                 0x08001268   Section        0  stm32f4xx_it.o(i.OTG_FS_WKUP_IRQHandler)
    i.PendSV_Handler                         0x08001298   Section        0  stm32f4xx_it.o(i.PendSV_Handler)
    i.RCC_AHB1PeriphClockCmd                 0x0800129c   Section        0  stm32f4xx_rcc.o(i.RCC_AHB1PeriphClockCmd)
    i.RCC_AHB2PeriphClockCmd                 0x080012bc   Section        0  stm32f4xx_rcc.o(i.RCC_AHB2PeriphClockCmd)
    i.RCC_APB1PeriphResetCmd                 0x080012dc   Section        0  stm32f4xx_rcc.o(i.RCC_APB1PeriphResetCmd)
    i.RCC_APB2PeriphClockCmd                 0x080012fc   Section        0  stm32f4xx_rcc.o(i.RCC_APB2PeriphClockCmd)
    i.RCC_GetClocksFreq                      0x0800131c   Section        0  stm32f4xx_rcc.o(i.RCC_GetClocksFreq)
    i.STM_EVAL_LEDInit                       0x08001404   Section        0  stm32f4_discovery.o(i.STM_EVAL_LEDInit)
    i.STM_EVAL_LEDOff                        0x08001450   Section        0  stm32f4_discovery.o(i.STM_EVAL_LEDOff)
    i.STM_EVAL_LEDOn                         0x08001468   Section        0  stm32f4_discovery.o(i.STM_EVAL_LEDOn)
    i.STM_EVAL_LEDToggle                     0x08001480   Section        0  stm32f4_discovery.o(i.STM_EVAL_LEDToggle)
    i.STM_EVAL_PBInit                        0x080014a4   Section        0  stm32f4_discovery.o(i.STM_EVAL_PBInit)
    i.SVC_Handler                            0x0800154c   Section        0  stm32f4xx_it.o(i.SVC_Handler)
    i.SYSCFG_EXTILineConfig                  0x08001550   Section        0  stm32f4xx_syscfg.o(i.SYSCFG_EXTILineConfig)
    i.SetSysClock                            0x08001590   Section        0  system_stm32f4xx.o(i.SetSysClock)
    SetSysClock                              0x08001591   Thumb Code   270  system_stm32f4xx.o(i.SetSysClock)
    i.SysTick_Handler                        0x080016b4   Section        0  stm32f4xx_it.o(i.SysTick_Handler)
    i.SystemInit                             0x080016c0   Section        0  system_stm32f4xx.o(i.SystemInit)
    i.USBD_ClrCfg                            0x0800171c   Section        0  usbd_core.o(i.USBD_ClrCfg)
    i.USBD_ClrFeature                        0x08001732   Section        0  usbd_req.o(i.USBD_ClrFeature)
    USBD_ClrFeature                          0x08001733   Thumb Code    72  usbd_req.o(i.USBD_ClrFeature)
    i.USBD_CtlContinueRx                     0x0800177a   Section        0  usbd_ioreq.o(i.USBD_CtlContinueRx)
    i.USBD_CtlContinueSendData               0x08001798   Section        0  usbd_ioreq.o(i.USBD_CtlContinueSendData)
    i.USBD_CtlError                          0x080017b6   Section        0  usbd_req.o(i.USBD_CtlError)
    i.USBD_CtlPrepareRx                      0x080017d4   Section        0  usbd_ioreq.o(i.USBD_CtlPrepareRx)
    i.USBD_CtlReceiveStatus                  0x08001802   Section        0  usbd_ioreq.o(i.USBD_CtlReceiveStatus)
    i.USBD_CtlSendData                       0x08001826   Section        0  usbd_ioreq.o(i.USBD_CtlSendData)
    i.USBD_CtlSendStatus                     0x08001854   Section        0  usbd_ioreq.o(i.USBD_CtlSendStatus)
    i.USBD_DataInStage                       0x08001878   Section        0  usbd_core.o(i.USBD_DataInStage)
    USBD_DataInStage                         0x08001879   Thumb Code   208  usbd_core.o(i.USBD_DataInStage)
    i.USBD_DataOutStage                      0x08001948   Section        0  usbd_core.o(i.USBD_DataOutStage)
    USBD_DataOutStage                        0x08001949   Thumb Code   150  usbd_core.o(i.USBD_DataOutStage)
    i.USBD_DeInit                            0x080019de   Section        0  usbd_core.o(i.USBD_DeInit)
    i.USBD_GetConfig                         0x080019e4   Section        0  usbd_req.o(i.USBD_GetConfig)
    USBD_GetConfig                           0x080019e5   Thumb Code    78  usbd_req.o(i.USBD_GetConfig)
    i.USBD_GetDescriptor                     0x08001a38   Section        0  usbd_req.o(i.USBD_GetDescriptor)
    USBD_GetDescriptor                       0x08001a39   Thumb Code   290  usbd_req.o(i.USBD_GetDescriptor)
    i.USBD_GetLen                            0x08001b5a   Section        0  usbd_req.o(i.USBD_GetLen)
    USBD_GetLen                              0x08001b5b   Thumb Code    20  usbd_req.o(i.USBD_GetLen)
    i.USBD_GetStatus                         0x08001b70   Section        0  usbd_req.o(i.USBD_GetStatus)
    USBD_GetStatus                           0x08001b71   Thumb Code    74  usbd_req.o(i.USBD_GetStatus)
    i.USBD_GetString                         0x08001bc0   Section        0  usbd_req.o(i.USBD_GetString)
    i.USBD_Init                              0x08001c12   Section        0  usbd_core.o(i.USBD_Init)
    i.USBD_IsoINIncomplete                   0x08001c54   Section        0  usbd_core.o(i.USBD_IsoINIncomplete)
    USBD_IsoINIncomplete                     0x08001c55   Thumb Code    18  usbd_core.o(i.USBD_IsoINIncomplete)
    i.USBD_IsoOUTIncomplete                  0x08001c66   Section        0  usbd_core.o(i.USBD_IsoOUTIncomplete)
    USBD_IsoOUTIncomplete                    0x08001c67   Thumb Code    18  usbd_core.o(i.USBD_IsoOUTIncomplete)
    i.USBD_OTG_ISR_Handler                   0x08001c78   Section        0  usb_dcd_int.o(i.USBD_OTG_ISR_Handler)
    i.USBD_ParseSetupRequest                 0x08001d30   Section        0  usbd_req.o(i.USBD_ParseSetupRequest)
    i.USBD_Reset                             0x08001d78   Section        0  usbd_core.o(i.USBD_Reset)
    USBD_Reset                               0x08001d79   Thumb Code    50  usbd_core.o(i.USBD_Reset)
    i.USBD_Resume                            0x08001daa   Section        0  usbd_core.o(i.USBD_Resume)
    USBD_Resume                              0x08001dab   Thumb Code    30  usbd_core.o(i.USBD_Resume)
    i.USBD_RunTestMode                       0x08001dc8   Section        0  usbd_core.o(i.USBD_RunTestMode)
    USBD_RunTestMode                         0x08001dc9   Thumb Code    14  usbd_core.o(i.USBD_RunTestMode)
    i.USBD_SOF                               0x08001ddc   Section        0  usbd_core.o(i.USBD_SOF)
    USBD_SOF                                 0x08001ddd   Thumb Code    26  usbd_core.o(i.USBD_SOF)
    i.USBD_SetAddress                        0x08001df6   Section        0  usbd_req.o(i.USBD_SetAddress)
    USBD_SetAddress                          0x08001df7   Thumb Code    92  usbd_req.o(i.USBD_SetAddress)
    i.USBD_SetCfg                            0x08001e52   Section        0  usbd_core.o(i.USBD_SetCfg)
    i.USBD_SetConfig                         0x08001e70   Section        0  usbd_req.o(i.USBD_SetConfig)
    USBD_SetConfig                           0x08001e71   Thumb Code   204  usbd_req.o(i.USBD_SetConfig)
    i.USBD_SetFeature                        0x08001f40   Section        0  usbd_req.o(i.USBD_SetFeature)
    USBD_SetFeature                          0x08001f41   Thumb Code   160  usbd_req.o(i.USBD_SetFeature)
    i.USBD_SetupStage                        0x08001fe4   Section        0  usbd_core.o(i.USBD_SetupStage)
    USBD_SetupStage                          0x08001fe5   Thumb Code    84  usbd_core.o(i.USBD_SetupStage)
    i.USBD_StdDevReq                         0x08002038   Section        0  usbd_req.o(i.USBD_StdDevReq)
    i.USBD_StdEPReq                          0x080020b4   Section        0  usbd_req.o(i.USBD_StdEPReq)
    i.USBD_StdItfReq                         0x08002210   Section        0  usbd_req.o(i.USBD_StdItfReq)
    i.USBD_Suspend                           0x0800225c   Section        0  usbd_core.o(i.USBD_Suspend)
    USBD_Suspend                             0x0800225d   Thumb Code    32  usbd_core.o(i.USBD_Suspend)
    i.USBD_USR_ConfigStrDescriptor           0x0800227c   Section        0  usbd_desc.o(i.USBD_USR_ConfigStrDescriptor)
    i.USBD_USR_DeviceConfigured              0x080022b4   Section        0  usbd_usr.o(i.USBD_USR_DeviceConfigured)
    i.USBD_USR_DeviceConnected               0x080022b6   Section        0  usbd_usr.o(i.USBD_USR_DeviceConnected)
    i.USBD_USR_DeviceDescriptor              0x080022b8   Section        0  usbd_desc.o(i.USBD_USR_DeviceDescriptor)
    i.USBD_USR_DeviceDisconnected            0x080022c8   Section        0  usbd_usr.o(i.USBD_USR_DeviceDisconnected)
    i.USBD_USR_DeviceReset                   0x080022ca   Section        0  usbd_usr.o(i.USBD_USR_DeviceReset)
    i.USBD_USR_DeviceResumed                 0x080022dc   Section        0  usbd_usr.o(i.USBD_USR_DeviceResumed)
    i.USBD_USR_DeviceSuspended               0x080022de   Section        0  usbd_usr.o(i.USBD_USR_DeviceSuspended)
    i.USBD_USR_Init                          0x080022e0   Section        0  usbd_usr.o(i.USBD_USR_Init)
    i.USBD_USR_InterfaceStrDescriptor        0x08002348   Section        0  usbd_desc.o(i.USBD_USR_InterfaceStrDescriptor)
    i.USBD_USR_LangIDStrDescriptor           0x08002380   Section        0  usbd_desc.o(i.USBD_USR_LangIDStrDescriptor)
    i.USBD_USR_ManufacturerStrDescriptor     0x08002390   Section        0  usbd_desc.o(i.USBD_USR_ManufacturerStrDescriptor)
    i.USBD_USR_ProductStrDescriptor          0x080023b0   Section        0  usbd_desc.o(i.USBD_USR_ProductStrDescriptor)
    i.USBD_USR_SerialStrDescriptor           0x08002420   Section        0  usbd_desc.o(i.USBD_USR_SerialStrDescriptor)
    i.USBD_video_GetCfgDesc                  0x08002468   Section        0  usbd_video_core.o(i.USBD_video_GetCfgDesc)
    USBD_video_GetCfgDesc                    0x08002469   Thumb Code    10  usbd_video_core.o(i.USBD_video_GetCfgDesc)
    i.USB_OTG_BSP_EnableInterrupt            0x08002478   Section        0  usb_bsp.o(i.USB_OTG_BSP_EnableInterrupt)
    i.USB_OTG_BSP_Init                       0x080024a4   Section        0  usb_bsp.o(i.USB_OTG_BSP_Init)
    i.USB_OTG_BSP_mDelay                     0x08002548   Section        0  usb_bsp.o(i.USB_OTG_BSP_mDelay)
    i.USB_OTG_BSP_uDelay                     0x0800255a   Section        0  usb_bsp.o(i.USB_OTG_BSP_uDelay)
    i.USB_OTG_CoreInit                       0x08002578   Section        0  usb_core.o(i.USB_OTG_CoreInit)
    i.USB_OTG_CoreInitDev                    0x0800269e   Section        0  usb_core.o(i.USB_OTG_CoreInitDev)
    i.USB_OTG_CoreReset                      0x080028a8   Section        0  usb_core.o(i.USB_OTG_CoreReset)
    USB_OTG_CoreReset                        0x080028a9   Thumb Code   108  usb_core.o(i.USB_OTG_CoreReset)
    i.USB_OTG_DisableGlobalInt               0x08002918   Section        0  usb_core.o(i.USB_OTG_DisableGlobalInt)
    i.USB_OTG_EP0Activate                    0x0800293a   Section        0  usb_core.o(i.USB_OTG_EP0Activate)
    i.USB_OTG_EP0StartXfer                   0x080029a4   Section        0  usb_core.o(i.USB_OTG_EP0StartXfer)
    i.USB_OTG_EP0_OutStart                   0x08002afa   Section        0  usb_core.o(i.USB_OTG_EP0_OutStart)
    i.USB_OTG_EPActivate                     0x08002b5c   Section        0  usb_core.o(i.USB_OTG_EPActivate)
    i.USB_OTG_EPClearStall                   0x08002bf4   Section        0  usb_core.o(i.USB_OTG_EPClearStall)
    i.USB_OTG_EPDeactivate                   0x08002c44   Section        0  usb_core.o(i.USB_OTG_EPDeactivate)
    i.USB_OTG_EPSetStall                     0x08002ca2   Section        0  usb_core.o(i.USB_OTG_EPSetStall)
    i.USB_OTG_EPStartXfer                    0x08002d06   Section        0  usb_core.o(i.USB_OTG_EPStartXfer)
    i.USB_OTG_EnableCommonInt                0x08002efc   Section        0  usb_core.o(i.USB_OTG_EnableCommonInt)
    USB_OTG_EnableCommonInt                  0x08002efd   Thumb Code    52  usb_core.o(i.USB_OTG_EnableCommonInt)
    i.USB_OTG_EnableDevInt                   0x08002f30   Section        0  usb_core.o(i.USB_OTG_EnableDevInt)
    i.USB_OTG_EnableGlobalInt                0x08002fb2   Section        0  usb_core.o(i.USB_OTG_EnableGlobalInt)
    i.USB_OTG_FlushRxFifo                    0x08002fd4   Section        0  usb_core.o(i.USB_OTG_FlushRxFifo)
    i.USB_OTG_FlushTxFifo                    0x08003020   Section        0  usb_core.o(i.USB_OTG_FlushTxFifo)
    i.USB_OTG_GetDeviceSpeed                 0x08003074   Section        0  usb_core.o(i.USB_OTG_GetDeviceSpeed)
    i.USB_OTG_GetMode                        0x080030a8   Section        0  usb_core.o(i.USB_OTG_GetMode)
    i.USB_OTG_InitDevSpeed                   0x080030b4   Section        0  usb_core.o(i.USB_OTG_InitDevSpeed)
    i.USB_OTG_IsDeviceMode                   0x080030cc   Section        0  usb_core.o(i.USB_OTG_IsDeviceMode)
    i.USB_OTG_ReadCoreItr                    0x080030e2   Section        0  usb_core.o(i.USB_OTG_ReadCoreItr)
    i.USB_OTG_ReadDevAllInEPItr              0x080030f2   Section        0  usb_core.o(i.USB_OTG_ReadDevAllInEPItr)
    i.USB_OTG_ReadDevAllOutEp_itr            0x08003102   Section        0  usb_core.o(i.USB_OTG_ReadDevAllOutEp_itr)
    i.USB_OTG_ReadDevOutEP_itr               0x08003112   Section        0  usb_core.o(i.USB_OTG_ReadDevOutEP_itr)
    i.USB_OTG_ReadPacket                     0x08003126   Section        0  usb_core.o(i.USB_OTG_ReadPacket)
    i.USB_OTG_SelectCore                     0x08003150   Section        0  usb_core.o(i.USB_OTG_SelectCore)
    i.USB_OTG_SetCurrentMode                 0x08003220   Section        0  usb_core.o(i.USB_OTG_SetCurrentMode)
    i.USB_OTG_UngateClock                    0x0800326e   Section        0  usb_core.o(i.USB_OTG_UngateClock)
    i.USB_OTG_WritePacket                    0x080032a4   Section        0  usb_core.o(i.USB_OTG_WritePacket)
    i.UsageFault_Handler                     0x080032e4   Section        0  stm32f4xx_it.o(i.UsageFault_Handler)
    i.VIDEO_Req_GetCurrent                   0x080032e8   Section        0  usbd_video_core.o(i.VIDEO_Req_GetCurrent)
    VIDEO_Req_GetCurrent                     0x080032e9   Thumb Code    54  usbd_video_core.o(i.VIDEO_Req_GetCurrent)
    i.VIDEO_Req_SetCurrent                   0x08003328   Section        0  usbd_video_core.o(i.VIDEO_Req_SetCurrent)
    VIDEO_Req_SetCurrent                     0x08003329   Thumb Code    50  usbd_video_core.o(i.VIDEO_Req_SetCurrent)
    i.__ARM_fpclassify                       0x08003364   Section        0  fpclassify.o(i.__ARM_fpclassify)
    i.__hardfp_cos                           0x08003398   Section        0  cos.o(i.__hardfp_cos)
    i.__hardfp_sin                           0x08003460   Section        0  sin.o(i.__hardfp_sin)
    i.__ieee754_rem_pio2                     0x08003528   Section        0  rred.o(i.__ieee754_rem_pio2)
    i.__kernel_cos                           0x08003960   Section        0  cos_i.o(i.__kernel_cos)
    i.__kernel_poly                          0x08003ad0   Section        0  poly.o(i.__kernel_poly)
    i.__kernel_sin                           0x08003bc8   Section        0  sin_i.o(i.__kernel_sin)
    i.__mathlib_dbl_infnan                   0x08003cf8   Section        0  dunder.o(i.__mathlib_dbl_infnan)
    i.__mathlib_dbl_invalid                  0x08003d10   Section        0  dunder.o(i.__mathlib_dbl_invalid)
    i.__mathlib_dbl_underflow                0x08003d30   Section        0  dunder.o(i.__mathlib_dbl_underflow)
    i.__scatterload_copy                     0x08003d50   Section       14  handlers.o(i.__scatterload_copy)
    i.__scatterload_null                     0x08003d5e   Section        2  handlers.o(i.__scatterload_null)
    i.__scatterload_zeroinit                 0x08003d60   Section       14  handlers.o(i.__scatterload_zeroinit)
    i.__set_errno                            0x08003d70   Section        0  errno.o(i.__set_errno)
    i.dct_pass1                              0x08003d7c   Section        0  jprocess.o(i.dct_pass1)
    dct_pass1                                0x08003d7d   Thumb Code   282  jprocess.o(i.dct_pass1)
    i.dct_pass2                              0x08003e96   Section        0  jprocess.o(i.dct_pass2)
    i.draw_circle                            0x0800401c   Section        0  main.o(i.draw_circle)
    i.fabs                                   0x080040c0   Section        0  fabs.o(i.fabs)
    i.jprocess                               0x080040d8   Section        0  jprocess.o(i.jprocess)
    i.main                                   0x0800413c   Section        0  main.o(i.main)
    i.out_jheader                            0x080042ac   Section        0  jprocess.o(i.out_jheader)
    out_jheader                              0x080042ad   Thumb Code   184  jprocess.o(i.out_jheader)
    i.out_jtail                              0x08004384   Section        0  jprocess.o(i.out_jtail)
    out_jtail                                0x08004385   Thumb Code   142  jprocess.o(i.out_jtail)
    i.process_quadro_block                   0x08004420   Section        0  jprocess.o(i.process_quadro_block)
    i.switch_buffers                         0x08004528   Section        0  jprocess.o(i.switch_buffers)
    i.usbd_video_DataIn                      0x08004560   Section        0  usbd_video_core.o(i.usbd_video_DataIn)
    usbd_video_DataIn                        0x08004561   Thumb Code   298  usbd_video_core.o(i.usbd_video_DataIn)
    i.usbd_video_DataOut                     0x080046b8   Section        0  usbd_video_core.o(i.usbd_video_DataOut)
    usbd_video_DataOut                       0x080046b9   Thumb Code     6  usbd_video_core.o(i.usbd_video_DataOut)
    i.usbd_video_DeInit                      0x080046be   Section        0  usbd_video_core.o(i.usbd_video_DeInit)
    usbd_video_DeInit                        0x080046bf   Thumb Code    18  usbd_video_core.o(i.usbd_video_DeInit)
    i.usbd_video_EP0_RxReady                 0x080046d0   Section        0  usbd_video_core.o(i.usbd_video_EP0_RxReady)
    usbd_video_EP0_RxReady                   0x080046d1   Thumb Code     6  usbd_video_core.o(i.usbd_video_EP0_RxReady)
    i.usbd_video_Init                        0x080046d6   Section        0  usbd_video_core.o(i.usbd_video_Init)
    usbd_video_Init                          0x080046d7   Thumb Code    24  usbd_video_core.o(i.usbd_video_Init)
    i.usbd_video_SOF                         0x080046f0   Section        0  usbd_video_core.o(i.usbd_video_SOF)
    usbd_video_SOF                           0x080046f1   Thumb Code    42  usbd_video_core.o(i.usbd_video_SOF)
    i.usbd_video_Setup                       0x08004720   Section        0  usbd_video_core.o(i.usbd_video_Setup)
    usbd_video_Setup                         0x08004721   Thumb Code   240  usbd_video_core.o(i.usbd_video_Setup)
    i.z_and_q                                0x0800481c   Section        0  jprocess.o(i.z_and_q)
    .constdata                               0x08004ce8   Section       37  stm32f4_discovery.o(.constdata)
    .constdata                               0x08004d0e   Section    79720  jprocess.o(.constdata)
    JHEADER_1                                0x08017d44   Data           7  jprocess.o(.constdata)
    zigzag_index                             0x08017d4b   Data          64  jprocess.o(.constdata)
    aanscales                                0x08017d8c   Data         128  jprocess.o(.constdata)
    JHEADER_Q                                0x08017e0c   Data          64  jprocess.o(.constdata)
    JHEADER_2                                0x08017e4c   Data         249  jprocess.o(.constdata)
    csize                                    0x08017f45   Data         256  jprocess.o(.constdata)
    huff_dc                                  0x08018046   Data          48  jprocess.o(.constdata)
    huff_ac                                  0x08018076   Data        1024  jprocess.o(.constdata)
    .constdata                               0x08018478   Section       48  cos_i.o(.constdata)
    C                                        0x08018478   Data          48  cos_i.o(.constdata)
    .constdata                               0x080184a8   Section      200  rred.o(.constdata)
    pio2s                                    0x080184a8   Data          48  rred.o(.constdata)
    twooverpi                                0x080184d8   Data         152  rred.o(.constdata)
    .constdata                               0x08018570   Section       40  sin_i.o(.constdata)
    S                                        0x08018570   Data          40  sin_i.o(.constdata)
    .ARM.__AT_0x10000000                     0x10000000   Section    32000  jprocess.o(.ARM.__AT_0x10000000)
    .ARM.__AT_0x10008000                     0x10008000   Section    32000  jprocess.o(.ARM.__AT_0x10008000)
    .data                                    0x20000000   Section      301  usbd_video_core.o(.data)
    usbd_video_AltSet                        0x20000000   Data           4  usbd_video_core.o(.data)
    usbd_video_CfgDesc                       0x20000080   Data         159  usbd_video_core.o(.data)
    packets_cnt                              0x20000120   Data           2  usbd_video_core.o(.data)
    header                                   0x20000122   Data           2  usbd_video_core.o(.data)
    picture_pos                              0x20000124   Data           4  usbd_video_core.o(.data)
    packets_in_frame                         0x20000128   Data           2  usbd_video_core.o(.data)
    last_packet_size                         0x2000012a   Data           2  usbd_video_core.o(.data)
    tx_enable_flag                           0x2000012c   Data           1  usbd_video_core.o(.data)
    .data                                    0x20000130   Section       52  usbd_core.o(.data)
    .data                                    0x20000164   Section       17  usbd_req.o(.data)
    cfgidx                                   0x20000174   Data           1  usbd_req.o(.data)
    .data                                    0x20000178   Section       24  stm32f4_discovery.o(.data)
    .data                                    0x20000190   Section       16  stm32f4xx_rcc.o(.data)
    APBAHBPrescTable                         0x20000190   Data          16  stm32f4xx_rcc.o(.data)
    .data                                    0x200001a0   Section       24  jprocess.o(.data)
    LastDC                                   0x200001b4   Data           4  jprocess.o(.data)
    .data                                    0x200001b8   Section       33  main.o(.data)
    .data                                    0x200001d9   Section        1  stm32f4xx_it.o(.data)
    .data                                    0x200001dc   Section       20  system_stm32f4xx.o(.data)
    .data                                    0x200001f0   Section       60  usbd_desc.o(.data)
    .data                                    0x2000022c   Section       28  usbd_usr.o(.data)
    .data                                    0x20000248   Section        4  errno.o(.data)
    _errno                                   0x20000248   Data           4  errno.o(.data)
    .bss                                     0x2000024c   Section      200  usbd_req.o(.bss)
    .bss                                     0x20000314   Section     1024  jprocess.o(.bss)
    dct_data                                 0x20000314   Data         256  jprocess.o(.bss)
    z_q                                      0x20000414   Data         768  jprocess.o(.bss)
    .bss                                     0x20000714   Section    78324  main.o(.bss)
    STACK                                    0x20013908   Section     1024  startup_stm32f4xx.o(STACK)

    Global Symbols

    Symbol Name                              Value     Ov Type        Size  Object(Section)

    BuildAttributes$$THM_ISAv4$E$P$D$K$B$S$7EM$VFPi3$EXTD16$VFPS$VFMA$PE$A:L22UL41UL21$X:L11$S22US41US21$IEEE1$IW$USESV6$~STKCKD$USESV7$~SHL$OTIME$ROPI$IEEEX$EBA8$MICROLIB$REQ8$PRES8$EABIv2 0x00000000   Number         0  anon$$obj.o ABSOLUTE
    __ARM_use_no_argv                        0x00000000   Number         0  main.o ABSOLUTE
    __cpp_initialize__aeabi_                  - Undefined Weak Reference
    __cxa_finalize                            - Undefined Weak Reference
    _clock_init                               - Undefined Weak Reference
    _microlib_exit                            - Undefined Weak Reference
    __Vectors_Size                           0x00000188   Number         0  startup_stm32f4xx.o ABSOLUTE
    __Vectors                                0x08000000   Data           4  startup_stm32f4xx.o(RESET)
    __Vectors_End                            0x08000188   Data           0  startup_stm32f4xx.o(RESET)
    __main                                   0x08000189   Thumb Code     0  entry.o(.ARM.Collect$$$$00000000)
    _main_stk                                0x08000189   Thumb Code     0  entry2.o(.ARM.Collect$$$$00000001)
    _main_scatterload                        0x0800018d   Thumb Code     0  entry5.o(.ARM.Collect$$$$00000004)
    __main_after_scatterload                 0x08000191   Thumb Code     0  entry5.o(.ARM.Collect$$$$00000004)
    _main_clock                              0x08000191   Thumb Code     0  entry7b.o(.ARM.Collect$$$$00000008)
    _main_cpp_init                           0x08000191   Thumb Code     0  entry8b.o(.ARM.Collect$$$$0000000A)
    _main_init                               0x08000191   Thumb Code     0  entry9a.o(.ARM.Collect$$$$0000000B)
    __rt_final_cpp                           0x08000199   Thumb Code     0  entry10a.o(.ARM.Collect$$$$0000000D)
    __rt_final_exit                          0x08000199   Thumb Code     0  entry11a.o(.ARM.Collect$$$$0000000F)
    Reset_Handler                            0x0800019d   Thumb Code     8  startup_stm32f4xx.o(.text)
    ADC_IRQHandler                           0x080001b7   Thumb Code     0  startup_stm32f4xx.o(.text)
    CAN1_RX0_IRQHandler                      0x080001b7   Thumb Code     0  startup_stm32f4xx.o(.text)
    CAN1_RX1_IRQHandler                      0x080001b7   Thumb Code     0  startup_stm32f4xx.o(.text)
    CAN1_SCE_IRQHandler                      0x080001b7   Thumb Code     0  startup_stm32f4xx.o(.text)
    CAN1_TX_IRQHandler                       0x080001b7   Thumb Code     0  startup_stm32f4xx.o(.text)
    CAN2_RX0_IRQHandler                      0x080001b7   Thumb Code     0  startup_stm32f4xx.o(.text)
    CAN2_RX1_IRQHandler                      0x080001b7   Thumb Code     0  startup_stm32f4xx.o(.text)
    CAN2_SCE_IRQHandler                      0x080001b7   Thumb Code     0  startup_stm32f4xx.o(.text)
    CAN2_TX_IRQHandler                       0x080001b7   Thumb Code     0  startup_stm32f4xx.o(.text)
    CRYP_IRQHandler                          0x080001b7   Thumb Code     0  startup_stm32f4xx.o(.text)
    DCMI_IRQHandler                          0x080001b7   Thumb Code     0  startup_stm32f4xx.o(.text)
    DMA1_Stream0_IRQHandler                  0x080001b7   Thumb Code     0  startup_stm32f4xx.o(.text)
    DMA1_Stream1_IRQHandler                  0x080001b7   Thumb Code     0  startup_stm32f4xx.o(.text)
    DMA1_Stream2_IRQHandler                  0x080001b7   Thumb Code     0  startup_stm32f4xx.o(.text)
    DMA1_Stream3_IRQHandler                  0x080001b7   Thumb Code     0  startup_stm32f4xx.o(.text)
    DMA1_Stream4_IRQHandler                  0x080001b7   Thumb Code     0  startup_stm32f4xx.o(.text)
    DMA1_Stream5_IRQHandler                  0x080001b7   Thumb Code     0  startup_stm32f4xx.o(.text)
    DMA1_Stream6_IRQHandler                  0x080001b7   Thumb Code     0  startup_stm32f4xx.o(.text)
    DMA1_Stream7_IRQHandler                  0x080001b7   Thumb Code     0  startup_stm32f4xx.o(.text)
    DMA2_Stream0_IRQHandler                  0x080001b7   Thumb Code     0  startup_stm32f4xx.o(.text)
    DMA2_Stream1_IRQHandler                  0x080001b7   Thumb Code     0  startup_stm32f4xx.o(.text)
    DMA2_Stream2_IRQHandler                  0x080001b7   Thumb Code     0  startup_stm32f4xx.o(.text)
    DMA2_Stream3_IRQHandler                  0x080001b7   Thumb Code     0  startup_stm32f4xx.o(.text)
    DMA2_Stream4_IRQHandler                  0x080001b7   Thumb Code     0  startup_stm32f4xx.o(.text)
    DMA2_Stream5_IRQHandler                  0x080001b7   Thumb Code     0  startup_stm32f4xx.o(.text)
    DMA2_Stream6_IRQHandler                  0x080001b7   Thumb Code     0  startup_stm32f4xx.o(.text)
    DMA2_Stream7_IRQHandler                  0x080001b7   Thumb Code     0  startup_stm32f4xx.o(.text)
    ETH_IRQHandler                           0x080001b7   Thumb Code     0  startup_stm32f4xx.o(.text)
    ETH_WKUP_IRQHandler                      0x080001b7   Thumb Code     0  startup_stm32f4xx.o(.text)
    EXTI15_10_IRQHandler                     0x080001b7   Thumb Code     0  startup_stm32f4xx.o(.text)
    EXTI1_IRQHandler                         0x080001b7   Thumb Code     0  startup_stm32f4xx.o(.text)
    EXTI2_IRQHandler                         0x080001b7   Thumb Code     0  startup_stm32f4xx.o(.text)
    EXTI3_IRQHandler                         0x080001b7   Thumb Code     0  startup_stm32f4xx.o(.text)
    EXTI4_IRQHandler                         0x080001b7   Thumb Code     0  startup_stm32f4xx.o(.text)
    EXTI9_5_IRQHandler                       0x080001b7   Thumb Code     0  startup_stm32f4xx.o(.text)
    FLASH_IRQHandler                         0x080001b7   Thumb Code     0  startup_stm32f4xx.o(.text)
    FPU_IRQHandler                           0x080001b7   Thumb Code     0  startup_stm32f4xx.o(.text)
    FSMC_IRQHandler                          0x080001b7   Thumb Code     0  startup_stm32f4xx.o(.text)
    HASH_RNG_IRQHandler                      0x080001b7   Thumb Code     0  startup_stm32f4xx.o(.text)
    I2C1_ER_IRQHandler                       0x080001b7   Thumb Code     0  startup_stm32f4xx.o(.text)
    I2C1_EV_IRQHandler                       0x080001b7   Thumb Code     0  startup_stm32f4xx.o(.text)
    I2C2_ER_IRQHandler                       0x080001b7   Thumb Code     0  startup_stm32f4xx.o(.text)
    I2C2_EV_IRQHandler                       0x080001b7   Thumb Code     0  startup_stm32f4xx.o(.text)
    I2C3_ER_IRQHandler                       0x080001b7   Thumb Code     0  startup_stm32f4xx.o(.text)
    I2C3_EV_IRQHandler                       0x080001b7   Thumb Code     0  startup_stm32f4xx.o(.text)
    OTG_HS_EP1_IN_IRQHandler                 0x080001b7   Thumb Code     0  startup_stm32f4xx.o(.text)
    OTG_HS_EP1_OUT_IRQHandler                0x080001b7   Thumb Code     0  startup_stm32f4xx.o(.text)
    OTG_HS_IRQHandler                        0x080001b7   Thumb Code     0  startup_stm32f4xx.o(.text)
    OTG_HS_WKUP_IRQHandler                   0x080001b7   Thumb Code     0  startup_stm32f4xx.o(.text)
    PVD_IRQHandler                           0x080001b7   Thumb Code     0  startup_stm32f4xx.o(.text)
    RCC_IRQHandler                           0x080001b7   Thumb Code     0  startup_stm32f4xx.o(.text)
    RTC_Alarm_IRQHandler                     0x080001b7   Thumb Code     0  startup_stm32f4xx.o(.text)
    RTC_WKUP_IRQHandler                      0x080001b7   Thumb Code     0  startup_stm32f4xx.o(.text)
    SDIO_IRQHandler                          0x080001b7   Thumb Code     0  startup_stm32f4xx.o(.text)
    SPI1_IRQHandler                          0x080001b7   Thumb Code     0  startup_stm32f4xx.o(.text)
    SPI2_IRQHandler                          0x080001b7   Thumb Code     0  startup_stm32f4xx.o(.text)
    SPI3_IRQHandler                          0x080001b7   Thumb Code     0  startup_stm32f4xx.o(.text)
    TAMP_STAMP_IRQHandler                    0x080001b7   Thumb Code     0  startup_stm32f4xx.o(.text)
    TIM1_BRK_TIM9_IRQHandler                 0x080001b7   Thumb Code     0  startup_stm32f4xx.o(.text)
    TIM1_CC_IRQHandler                       0x080001b7   Thumb Code     0  startup_stm32f4xx.o(.text)
    TIM1_TRG_COM_TIM11_IRQHandler            0x080001b7   Thumb Code     0  startup_stm32f4xx.o(.text)
    TIM1_UP_TIM10_IRQHandler                 0x080001b7   Thumb Code     0  startup_stm32f4xx.o(.text)
    TIM2_IRQHandler                          0x080001b7   Thumb Code     0  startup_stm32f4xx.o(.text)
    TIM3_IRQHandler                          0x080001b7   Thumb Code     0  startup_stm32f4xx.o(.text)
    TIM4_IRQHandler                          0x080001b7   Thumb Code     0  startup_stm32f4xx.o(.text)
    TIM5_IRQHandler                          0x080001b7   Thumb Code     0  startup_stm32f4xx.o(.text)
    TIM6_DAC_IRQHandler                      0x080001b7   Thumb Code     0  startup_stm32f4xx.o(.text)
    TIM7_IRQHandler                          0x080001b7   Thumb Code     0  startup_stm32f4xx.o(.text)
    TIM8_BRK_TIM12_IRQHandler                0x080001b7   Thumb Code     0  startup_stm32f4xx.o(.text)
    TIM8_CC_IRQHandler                       0x080001b7   Thumb Code     0  startup_stm32f4xx.o(.text)
    TIM8_TRG_COM_TIM14_IRQHandler            0x080001b7   Thumb Code     0  startup_stm32f4xx.o(.text)
    TIM8_UP_TIM13_IRQHandler                 0x080001b7   Thumb Code     0  startup_stm32f4xx.o(.text)
    UART4_IRQHandler                         0x080001b7   Thumb Code     0  startup_stm32f4xx.o(.text)
    UART5_IRQHandler                         0x080001b7   Thumb Code     0  startup_stm32f4xx.o(.text)
    USART1_IRQHandler                        0x080001b7   Thumb Code     0  startup_stm32f4xx.o(.text)
    USART2_IRQHandler                        0x080001b7   Thumb Code     0  startup_stm32f4xx.o(.text)
    USART3_IRQHandler                        0x080001b7   Thumb Code     0  startup_stm32f4xx.o(.text)
    USART6_IRQHandler                        0x080001b7   Thumb Code     0  startup_stm32f4xx.o(.text)
    WWDG_IRQHandler                          0x080001b7   Thumb Code     0  startup_stm32f4xx.o(.text)
    __aeabi_dadd                             0x080001c1   Thumb Code   322  dadd.o(.text)
    __aeabi_dsub                             0x08000303   Thumb Code     6  dadd.o(.text)
    __aeabi_drsub                            0x08000309   Thumb Code     6  dadd.o(.text)
    __aeabi_dmul                             0x0800030f   Thumb Code   228  dmul.o(.text)
    __aeabi_d2iz                             0x080003f3   Thumb Code    62  dfixi.o(.text)
    __aeabi_llsl                             0x08000431   Thumb Code    30  llshl.o(.text)
    _ll_shift_l                              0x08000431   Thumb Code     0  llshl.o(.text)
    __aeabi_llsr                             0x0800044f   Thumb Code    32  llushr.o(.text)
    _ll_ushift_r                             0x0800044f   Thumb Code     0  llushr.o(.text)
    __aeabi_lasr                             0x0800046f   Thumb Code    36  llsshr.o(.text)
    _ll_sshift_r                             0x0800046f   Thumb Code     0  llsshr.o(.text)
    __I$use$fp                               0x08000493   Thumb Code     0  iusefp.o(.text)
    _double_round                            0x08000493   Thumb Code    30  depilogue.o(.text)
    _double_epilogue                         0x080004b1   Thumb Code   156  depilogue.o(.text)
    __scatterload                            0x0800054d   Thumb Code    28  init.o(.text)
    __scatterload_rt2                        0x0800054d   Thumb Code     0  init.o(.text)
    __aeabi_ddiv                             0x08000571   Thumb Code   222  ddiv.o(.text)
    __aeabi_i2d                              0x0800064f   Thumb Code    34  dflti.o(.text)
    __aeabi_ui2d                             0x08000671   Thumb Code    26  dfltui.o(.text)
    __decompress                             0x0800068b   Thumb Code     0  __dczerorl2.o(.text)
    __decompress1                            0x0800068b   Thumb Code    86  __dczerorl2.o(.text)
    BusFault_Handler                         0x080006e1   Thumb Code     4  stm32f4xx_it.o(i.BusFault_Handler)
    DCD_EP_Close                             0x080006e5   Thumb Code    74  usb_dcd.o(i.DCD_EP_Close)
    DCD_EP_ClrStall                          0x0800072f   Thumb Code    72  usb_dcd.o(i.DCD_EP_ClrStall)
    DCD_EP_Flush                             0x08000777   Thumb Code    36  usb_dcd.o(i.DCD_EP_Flush)
    DCD_EP_Open                              0x0800079b   Thumb Code   104  usb_dcd.o(i.DCD_EP_Open)
    DCD_EP_PrepareRx                         0x08000803   Thumb Code    82  usb_dcd.o(i.DCD_EP_PrepareRx)
    DCD_EP_SetAddress                        0x08000855   Thumb Code    28  usb_dcd.o(i.DCD_EP_SetAddress)
    DCD_EP_Stall                             0x08000871   Thumb Code    72  usb_dcd.o(i.DCD_EP_Stall)
    DCD_EP_Tx                                0x080008b9   Thumb Code    78  usb_dcd.o(i.DCD_EP_Tx)
    DCD_Init                                 0x08000ec5   Thumb Code   156  usb_dcd.o(i.DCD_Init)
    DebugMon_Handler                         0x08001037   Thumb Code     2  stm32f4xx_it.o(i.DebugMon_Handler)
    EXTI0_IRQHandler                         0x08001039   Thumb Code    14  stm32f4xx_it.o(i.EXTI0_IRQHandler)
    EXTI_ClearITPendingBit                   0x0800104d   Thumb Code     6  stm32f4xx_exti.o(i.EXTI_ClearITPendingBit)
    EXTI_Init                                0x08001059   Thumb Code   142  stm32f4xx_exti.o(i.EXTI_Init)
    GPIO_Init                                0x080010ed   Thumb Code   144  stm32f4xx_gpio.o(i.GPIO_Init)
    GPIO_PinAFConfig                         0x0800117d   Thumb Code    70  stm32f4xx_gpio.o(i.GPIO_PinAFConfig)
    HardFault_Handler                        0x080011c3   Thumb Code     4  stm32f4xx_it.o(i.HardFault_Handler)
    MemManage_Handler                        0x080011c7   Thumb Code     4  stm32f4xx_it.o(i.MemManage_Handler)
    NMI_Handler                              0x080011cb   Thumb Code     2  stm32f4xx_it.o(i.NMI_Handler)
    NVIC_Init                                0x080011cd   Thumb Code   106  misc.o(i.NVIC_Init)
    NVIC_PriorityGroupConfig                 0x08001245   Thumb Code    10  misc.o(i.NVIC_PriorityGroupConfig)
    OTG_FS_IRQHandler                        0x08001259   Thumb Code    10  stm32f4xx_it.o(i.OTG_FS_IRQHandler)
    OTG_FS_WKUP_IRQHandler                   0x08001269   Thumb Code    40  stm32f4xx_it.o(i.OTG_FS_WKUP_IRQHandler)
    PendSV_Handler                           0x08001299   Thumb Code     2  stm32f4xx_it.o(i.PendSV_Handler)
    RCC_AHB1PeriphClockCmd                   0x0800129d   Thumb Code    26  stm32f4xx_rcc.o(i.RCC_AHB1PeriphClockCmd)
    RCC_AHB2PeriphClockCmd                   0x080012bd   Thumb Code    26  stm32f4xx_rcc.o(i.RCC_AHB2PeriphClockCmd)
    RCC_APB1PeriphResetCmd                   0x080012dd   Thumb Code    26  stm32f4xx_rcc.o(i.RCC_APB1PeriphResetCmd)
    RCC_APB2PeriphClockCmd                   0x080012fd   Thumb Code    26  stm32f4xx_rcc.o(i.RCC_APB2PeriphClockCmd)
    RCC_GetClocksFreq                        0x0800131d   Thumb Code   214  stm32f4xx_rcc.o(i.RCC_GetClocksFreq)
    STM_EVAL_LEDInit                         0x08001405   Thumb Code    62  stm32f4_discovery.o(i.STM_EVAL_LEDInit)
    STM_EVAL_LEDOff                          0x08001451   Thumb Code    16  stm32f4_discovery.o(i.STM_EVAL_LEDOff)
    STM_EVAL_LEDOn                           0x08001469   Thumb Code    16  stm32f4_discovery.o(i.STM_EVAL_LEDOn)
    STM_EVAL_LEDToggle                       0x08001481   Thumb Code    26  stm32f4_discovery.o(i.STM_EVAL_LEDToggle)
    STM_EVAL_PBInit                          0x080014a5   Thumb Code   140  stm32f4_discovery.o(i.STM_EVAL_PBInit)
    SVC_Handler                              0x0800154d   Thumb Code     2  stm32f4xx_it.o(i.SVC_Handler)
    SYSCFG_EXTILineConfig                    0x08001551   Thumb Code    60  stm32f4xx_syscfg.o(i.SYSCFG_EXTILineConfig)
    SysTick_Handler                          0x080016b5   Thumb Code     8  stm32f4xx_it.o(i.SysTick_Handler)
    SystemInit                               0x080016c1   Thumb Code    74  system_stm32f4xx.o(i.SystemInit)
    USBD_ClrCfg                              0x0800171d   Thumb Code    22  usbd_core.o(i.USBD_ClrCfg)
    USBD_CtlContinueRx                       0x0800177b   Thumb Code    30  usbd_ioreq.o(i.USBD_CtlContinueRx)
    USBD_CtlContinueSendData                 0x08001799   Thumb Code    30  usbd_ioreq.o(i.USBD_CtlContinueSendData)
    USBD_CtlError                            0x080017b7   Thumb Code    30  usbd_req.o(i.USBD_CtlError)
    USBD_CtlPrepareRx                        0x080017d5   Thumb Code    46  usbd_ioreq.o(i.USBD_CtlPrepareRx)
    USBD_CtlReceiveStatus                    0x08001803   Thumb Code    36  usbd_ioreq.o(i.USBD_CtlReceiveStatus)
    USBD_CtlSendData                         0x08001827   Thumb Code    46  usbd_ioreq.o(i.USBD_CtlSendData)
    USBD_CtlSendStatus                       0x08001855   Thumb Code    36  usbd_ioreq.o(i.USBD_CtlSendStatus)
    USBD_DeInit                              0x080019df   Thumb Code     6  usbd_core.o(i.USBD_DeInit)
    USBD_GetString                           0x08001bc1   Thumb Code    82  usbd_req.o(i.USBD_GetString)
    USBD_Init                                0x08001c13   Thumb Code    66  usbd_core.o(i.USBD_Init)
    USBD_OTG_ISR_Handler                     0x08001c79   Thumb Code   184  usb_dcd_int.o(i.USBD_OTG_ISR_Handler)
    USBD_ParseSetupRequest                   0x08001d31   Thumb Code    72  usbd_req.o(i.USBD_ParseSetupRequest)
    USBD_SetCfg                              0x08001e53   Thumb Code    30  usbd_core.o(i.USBD_SetCfg)
    USBD_StdDevReq                           0x08002039   Thumb Code   120  usbd_req.o(i.USBD_StdDevReq)
    USBD_StdEPReq                            0x080020b5   Thumb Code   344  usbd_req.o(i.USBD_StdEPReq)
    USBD_StdItfReq                           0x08002211   Thumb Code    76  usbd_req.o(i.USBD_StdItfReq)
    USBD_USR_ConfigStrDescriptor             0x0800227d   Thumb Code    34  usbd_desc.o(i.USBD_USR_ConfigStrDescriptor)
    USBD_USR_DeviceConfigured                0x080022b5   Thumb Code     2  usbd_usr.o(i.USBD_USR_DeviceConfigured)
    USBD_USR_DeviceConnected                 0x080022b7   Thumb Code     2  usbd_usr.o(i.USBD_USR_DeviceConnected)
    USBD_USR_DeviceDescriptor                0x080022b9   Thumb Code    10  usbd_desc.o(i.USBD_USR_DeviceDescriptor)
    USBD_USR_DeviceDisconnected              0x080022c9   Thumb Code     2  usbd_usr.o(i.USBD_USR_DeviceDisconnected)
    USBD_USR_DeviceReset                     0x080022cb   Thumb Code    18  usbd_usr.o(i.USBD_USR_DeviceReset)
    USBD_USR_DeviceResumed                   0x080022dd   Thumb Code     2  usbd_usr.o(i.USBD_USR_DeviceResumed)
    USBD_USR_DeviceSuspended                 0x080022df   Thumb Code     2  usbd_usr.o(i.USBD_USR_DeviceSuspended)
    USBD_USR_Init                            0x080022e1   Thumb Code    90  usbd_usr.o(i.USBD_USR_Init)
    USBD_USR_InterfaceStrDescriptor          0x08002349   Thumb Code    34  usbd_desc.o(i.USBD_USR_InterfaceStrDescriptor)
    USBD_USR_LangIDStrDescriptor             0x08002381   Thumb Code    10  usbd_desc.o(i.USBD_USR_LangIDStrDescriptor)
    USBD_USR_ManufacturerStrDescriptor       0x08002391   Thumb Code    20  usbd_desc.o(i.USBD_USR_ManufacturerStrDescriptor)
    USBD_USR_ProductStrDescriptor            0x080023b1   Thumb Code    34  usbd_desc.o(i.USBD_USR_ProductStrDescriptor)
    USBD_USR_SerialStrDescriptor             0x08002421   Thumb Code    34  usbd_desc.o(i.USBD_USR_SerialStrDescriptor)
    USB_OTG_BSP_EnableInterrupt              0x08002479   Thumb Code    44  usb_bsp.o(i.USB_OTG_BSP_EnableInterrupt)
    USB_OTG_BSP_Init                         0x080024a5   Thumb Code   160  usb_bsp.o(i.USB_OTG_BSP_Init)
    USB_OTG_BSP_mDelay                       0x08002549   Thumb Code    18  usb_bsp.o(i.USB_OTG_BSP_mDelay)
    USB_OTG_BSP_uDelay                       0x0800255b   Thumb Code    30  usb_bsp.o(i.USB_OTG_BSP_uDelay)
    USB_OTG_CoreInit                         0x08002579   Thumb Code   294  usb_core.o(i.USB_OTG_CoreInit)
    USB_OTG_CoreInitDev                      0x0800269f   Thumb Code   522  usb_core.o(i.USB_OTG_CoreInitDev)
    USB_OTG_DisableGlobalInt                 0x08002919   Thumb Code    34  usb_core.o(i.USB_OTG_DisableGlobalInt)
    USB_OTG_EP0Activate                      0x0800293b   Thumb Code   106  usb_core.o(i.USB_OTG_EP0Activate)
    USB_OTG_EP0StartXfer                     0x080029a5   Thumb Code   342  usb_core.o(i.USB_OTG_EP0StartXfer)
    USB_OTG_EP0_OutStart                     0x08002afb   Thumb Code    98  usb_core.o(i.USB_OTG_EP0_OutStart)
    USB_OTG_EPActivate                       0x08002b5d   Thumb Code   152  usb_core.o(i.USB_OTG_EPActivate)
    USB_OTG_EPClearStall                     0x08002bf5   Thumb Code    80  usb_core.o(i.USB_OTG_EPClearStall)
    USB_OTG_EPDeactivate                     0x08002c45   Thumb Code    94  usb_core.o(i.USB_OTG_EPDeactivate)
    USB_OTG_EPSetStall                       0x08002ca3   Thumb Code   100  usb_core.o(i.USB_OTG_EPSetStall)
    USB_OTG_EPStartXfer                      0x08002d07   Thumb Code   502  usb_core.o(i.USB_OTG_EPStartXfer)
    USB_OTG_EnableDevInt                     0x08002f31   Thumb Code   130  usb_core.o(i.USB_OTG_EnableDevInt)
    USB_OTG_EnableGlobalInt                  0x08002fb3   Thumb Code    34  usb_core.o(i.USB_OTG_EnableGlobalInt)
    USB_OTG_FlushRxFifo                      0x08002fd5   Thumb Code    70  usb_core.o(i.USB_OTG_FlushRxFifo)
    USB_OTG_FlushTxFifo                      0x08003021   Thumb Code    80  usb_core.o(i.USB_OTG_FlushTxFifo)
    USB_OTG_GetDeviceSpeed                   0x08003075   Thumb Code    52  usb_core.o(i.USB_OTG_GetDeviceSpeed)
    USB_OTG_GetMode                          0x080030a9   Thumb Code    12  usb_core.o(i.USB_OTG_GetMode)
    USB_OTG_InitDevSpeed                     0x080030b5   Thumb Code    24  usb_core.o(i.USB_OTG_InitDevSpeed)
    USB_OTG_IsDeviceMode                     0x080030cd   Thumb Code    22  usb_core.o(i.USB_OTG_IsDeviceMode)
    USB_OTG_ReadCoreItr                      0x080030e3   Thumb Code    16  usb_core.o(i.USB_OTG_ReadCoreItr)
    USB_OTG_ReadDevAllInEPItr                0x080030f3   Thumb Code    16  usb_core.o(i.USB_OTG_ReadDevAllInEPItr)
    USB_OTG_ReadDevAllOutEp_itr              0x08003103   Thumb Code    16  usb_core.o(i.USB_OTG_ReadDevAllOutEp_itr)
    USB_OTG_ReadDevOutEP_itr                 0x08003113   Thumb Code    20  usb_core.o(i.USB_OTG_ReadDevOutEP_itr)
    USB_OTG_ReadPacket                       0x08003127   Thumb Code    40  usb_core.o(i.USB_OTG_ReadPacket)
    USB_OTG_SelectCore                       0x08003151   Thumb Code   204  usb_core.o(i.USB_OTG_SelectCore)
    USB_OTG_SetCurrentMode                   0x08003221   Thumb Code    78  usb_core.o(i.USB_OTG_SetCurrentMode)
    USB_OTG_UngateClock                      0x0800326f   Thumb Code    54  usb_core.o(i.USB_OTG_UngateClock)
    USB_OTG_WritePacket                      0x080032a5   Thumb Code    64  usb_core.o(i.USB_OTG_WritePacket)
    UsageFault_Handler                       0x080032e5   Thumb Code     4  stm32f4xx_it.o(i.UsageFault_Handler)
    __ARM_fpclassify                         0x08003365   Thumb Code    48  fpclassify.o(i.__ARM_fpclassify)
    __hardfp_cos                             0x08003399   Thumb Code   180  cos.o(i.__hardfp_cos)
    __hardfp_sin                             0x08003461   Thumb Code   180  sin.o(i.__hardfp_sin)
    __ieee754_rem_pio2                       0x08003529   Thumb Code   938  rred.o(i.__ieee754_rem_pio2)
    __kernel_cos                             0x08003961   Thumb Code   322  cos_i.o(i.__kernel_cos)
    __kernel_poly                            0x08003ad1   Thumb Code   248  poly.o(i.__kernel_poly)
    __kernel_sin                             0x08003bc9   Thumb Code   280  sin_i.o(i.__kernel_sin)
    __mathlib_dbl_infnan                     0x08003cf9   Thumb Code    20  dunder.o(i.__mathlib_dbl_infnan)
    __mathlib_dbl_invalid                    0x08003d11   Thumb Code    24  dunder.o(i.__mathlib_dbl_invalid)
    __mathlib_dbl_underflow                  0x08003d31   Thumb Code    24  dunder.o(i.__mathlib_dbl_underflow)
    __scatterload_copy                       0x08003d51   Thumb Code    14  handlers.o(i.__scatterload_copy)
    __scatterload_null                       0x08003d5f   Thumb Code     2  handlers.o(i.__scatterload_null)
    __scatterload_zeroinit                   0x08003d61   Thumb Code    14  handlers.o(i.__scatterload_zeroinit)
    __set_errno                              0x08003d71   Thumb Code     6  errno.o(i.__set_errno)
    dct_pass2                                0x08003e97   Thumb Code   388  jprocess.o(i.dct_pass2)
    draw_circle                              0x0800401d   Thumb Code   160  main.o(i.draw_circle)
    fabs                                     0x080040c1   Thumb Code    24  fabs.o(i.fabs)
    jprocess                                 0x080040d9   Thumb Code    80  jprocess.o(i.jprocess)
    main                                     0x0800413d   Thumb Code   290  main.o(i.main)
    process_quadro_block                     0x08004421   Thumb Code   244  jprocess.o(i.process_quadro_block)
    switch_buffers                           0x08004529   Thumb Code    38  jprocess.o(i.switch_buffers)
    z_and_q                                  0x0800481d   Thumb Code  1218  jprocess.o(i.z_and_q)
    GPIO_PIN                                 0x08004ce8   Data           8  stm32f4_discovery.o(.constdata)
    GPIO_CLK                                 0x08004cf0   Data          16  stm32f4_discovery.o(.constdata)
    BUTTON_PIN                               0x08004d00   Data           2  stm32f4_discovery.o(.constdata)
    BUTTON_CLK                               0x08004d04   Data           4  stm32f4_discovery.o(.constdata)
    BUTTON_EXTI_LINE                         0x08004d08   Data           2  stm32f4_discovery.o(.constdata)
    BUTTON_PORT_SOURCE                       0x08004d0a   Data           1  stm32f4_discovery.o(.constdata)
    BUTTON_PIN_SOURCE                        0x08004d0b   Data           1  stm32f4_discovery.o(.constdata)
    BUTTON_IRQn                              0x08004d0c   Data           1  stm32f4_discovery.o(.constdata)
    inBMP2                                   0x08004d0e   Data       77878  jprocess.o(.constdata)
    Region$$Table$$Base                      0x08018598   Number         0  anon$$obj.o(Region$$Table)
    Region$$Table$$Limit                     0x080185b8   Number         0  anon$$obj.o(Region$$Table)
    outbytes0                                0x10000000   Data       32000  jprocess.o(.ARM.__AT_0x10000000)
    outbytes1                                0x10008000   Data       32000  jprocess.o(.ARM.__AT_0x10008000)
    VideoCtlCmd                              0x20000004   Data           1  usbd_video_core.o(.data)
    VideoCtlLen                              0x20000008   Data           4  usbd_video_core.o(.data)
    VideoCtlUnit                             0x2000000c   Data           1  usbd_video_core.o(.data)
    play_status                              0x2000000d   Data           1  usbd_video_core.o(.data)
    videoCommitControl                       0x2000000e   Data          34  usbd_video_core.o(.data)
    videoProbeControl                        0x20000030   Data          34  usbd_video_core.o(.data)
    VIDEO_cb                                 0x20000054   Data          44  usbd_video_core.o(.data)
    SET_TEST_MODE                            0x20000130   Data           4  usbd_core.o(.data)
    USBD_DCD_INT_cb                          0x20000134   Data          44  usbd_core.o(.data)
    USBD_DCD_INT_fops                        0x20000160   Data           4  usbd_core.o(.data)
    tmp_data                                 0x20000164   Data           1  usbd_req.o(.data)
    USBD_ep_status                           0x20000168   Data           4  usbd_req.o(.data)
    USBD_default_cfg                         0x2000016c   Data           4  usbd_req.o(.data)
    USBD_cfg_status                          0x20000170   Data           4  usbd_req.o(.data)
    GPIO_PORT                                0x20000178   Data          16  stm32f4_discovery.o(.data)
    BUTTON_PORT                              0x20000188   Data           4  stm32f4_discovery.o(.data)
    NVIC_InitStructure                       0x2000018c   Data           4  stm32f4_discovery.o(.data)
    write_pointer                            0x200001a0   Data           4  jprocess.o(.data)
    read_pointer                             0x200001a4   Data           4  jprocess.o(.data)
    outbytes_p                               0x200001a8   Data           4  jprocess.o(.data)
    bitstream_byte                           0x200001ac   Data           4  jprocess.o(.data)
    bitstream_bit                            0x200001b0   Data           4  jprocess.o(.data)
    UserButtonPressed                        0x200001b8   Data           1  main.o(.data)
    last_jpeg_frame_size                     0x200001ba   Data           2  main.o(.data)
    jpeg_encode_done                         0x200001bc   Data           1  main.o(.data)
    jpeg_encode_enabled                      0x200001bd   Data           1  main.o(.data)
    circle_x                                 0x200001c0   Data           8  main.o(.data)
    circle_y                                 0x200001c8   Data           8  main.o(.data)
    angle                                    0x200001d0   Data           8  main.o(.data)
    color                                    0x200001d8   Data           1  main.o(.data)
    new_frame_trigger                        0x200001d9   Data           1  stm32f4xx_it.o(.data)
    SystemCoreClock                          0x200001dc   Data           4  system_stm32f4xx.o(.data)
    AHBPrescTable                            0x200001e0   Data          16  system_stm32f4xx.o(.data)
    USR_desc                                 0x200001f0   Data          28  usbd_desc.o(.data)
    USBD_DeviceDesc                          0x2000020c   Data          18  usbd_desc.o(.data)
    USBD_DeviceQualifierDesc                 0x2000021e   Data          10  usbd_desc.o(.data)
    USBD_LangIDDesc                          0x20000228   Data           4  usbd_desc.o(.data)
    USR_cb                                   0x2000022c   Data          28  usbd_usr.o(.data)
    USBD_StrDesc                             0x2000024c   Data         200  usbd_req.o(.bss)
    USB_OTG_dev                              0x20000714   Data        1524  main.o(.bss)
    raw_image                                0x20000d08   Data       76800  main.o(.bss)
    __initial_sp                             0x20013d08   Data           0  startup_stm32f4xx.o(STACK)



==============================================================================

Memory Map of the image

  Image Entry point : 0x08000189

  Load Region LR_IROM1 (Base: 0x08000000, Size: 0x00018804, Max: 0x00100000, ABSOLUTE, COMPRESSED[0x000186fc])

    Execution Region ER_IROM1 (Base: 0x08000000, Size: 0x000185b8, Max: 0x00100000, ABSOLUTE)

    Base Addr    Size         Type   Attr      Idx    E Section Name        Object

    0x08000000   0x00000188   Data   RO            3    RESET               startup_stm32f4xx.o
    0x08000188   0x00000000   Code   RO         3499  * .ARM.Collect$$$$00000000  mc_w.l(entry.o)
    0x08000188   0x00000004   Code   RO         3536    .ARM.Collect$$$$00000001  mc_w.l(entry2.o)
    0x0800018c   0x00000004   Code   RO         3539    .ARM.Collect$$$$00000004  mc_w.l(entry5.o)
    0x08000190   0x00000000   Code   RO         3541    .ARM.Collect$$$$00000008  mc_w.l(entry7b.o)
    0x08000190   0x00000000   Code   RO         3543    .ARM.Collect$$$$0000000A  mc_w.l(entry8b.o)
    0x08000190   0x00000008   Code   RO         3544    .ARM.Collect$$$$0000000B  mc_w.l(entry9a.o)
    0x08000198   0x00000000   Code   RO         3546    .ARM.Collect$$$$0000000D  mc_w.l(entry10a.o)
    0x08000198   0x00000000   Code   RO         3548    .ARM.Collect$$$$0000000F  mc_w.l(entry11a.o)
    0x08000198   0x00000004   Code   RO         3537    .ARM.Collect$$$$00002712  mc_w.l(entry2.o)
    0x0800019c   0x00000024   Code   RO            4    .text               startup_stm32f4xx.o
    0x080001c0   0x0000014e   Code   RO         3502    .text               mf_w.l(dadd.o)
    0x0800030e   0x000000e4   Code   RO         3504    .text               mf_w.l(dmul.o)
    0x080003f2   0x0000003e   Code   RO         3506    .text               mf_w.l(dfixi.o)
    0x08000430   0x0000001e   Code   RO         3550    .text               mc_w.l(llshl.o)
    0x0800044e   0x00000020   Code   RO         3552    .text               mc_w.l(llushr.o)
    0x0800046e   0x00000024   Code   RO         3554    .text               mc_w.l(llsshr.o)
    0x08000492   0x00000000   Code   RO         3563    .text               mc_w.l(iusefp.o)
    0x08000492   0x000000ba   Code   RO         3564    .text               mf_w.l(depilogue.o)
    0x0800054c   0x00000024   Code   RO         3578    .text               mc_w.l(init.o)
    0x08000570   0x000000de   Code   RO         3580    .text               mf_w.l(ddiv.o)
    0x0800064e   0x00000022   Code   RO         3582    .text               mf_w.l(dflti.o)
    0x08000670   0x0000001a   Code   RO         3584    .text               mf_w.l(dfltui.o)
    0x0800068a   0x00000056   Code   RO         3594    .text               mc_w.l(__dczerorl2.o)
    0x080006e0   0x00000004   Code   RO         3195    i.BusFault_Handler  stm32f4xx_it.o
    0x080006e4   0x0000004a   Code   RO          811    i.DCD_EP_Close      usb_dcd.o
    0x0800072e   0x00000048   Code   RO          812    i.DCD_EP_ClrStall   usb_dcd.o
    0x08000776   0x00000024   Code   RO          813    i.DCD_EP_Flush      usb_dcd.o
    0x0800079a   0x00000068   Code   RO          814    i.DCD_EP_Open       usb_dcd.o
    0x08000802   0x00000052   Code   RO          815    i.DCD_EP_PrepareRx  usb_dcd.o
    0x08000854   0x0000001c   Code   RO          816    i.DCD_EP_SetAddress  usb_dcd.o
    0x08000870   0x00000048   Code   RO          817    i.DCD_EP_Stall      usb_dcd.o
    0x080008b8   0x0000004e   Code   RO          818    i.DCD_EP_Tx         usb_dcd.o
    0x08000906   0x00000066   Code   RO          727    i.DCD_HandleEnumDone_ISR  usb_dcd_int.o
    0x0800096c   0x00000168   Code   RO          728    i.DCD_HandleInEP_ISR  usb_dcd_int.o
    0x08000ad4   0x00000100   Code   RO          729    i.DCD_HandleOutEP_ISR  usb_dcd_int.o
    0x08000bd4   0x00000068   Code   RO          730    i.DCD_HandleResume_ISR  usb_dcd_int.o
    0x08000c3c   0x000000b0   Code   RO          731    i.DCD_HandleRxStatusQueueLevel_ISR  usb_dcd_int.o
    0x08000cec   0x0000002c   Code   RO          732    i.DCD_HandleSof_ISR  usb_dcd_int.o
    0x08000d18   0x000000a8   Code   RO          733    i.DCD_HandleUSBSuspend_ISR  usb_dcd_int.o
    0x08000dc0   0x00000104   Code   RO          734    i.DCD_HandleUsbReset_ISR  usb_dcd_int.o
    0x08000ec4   0x0000009c   Code   RO          820    i.DCD_Init          usb_dcd.o
    0x08000f60   0x00000028   Code   RO          737    i.DCD_ReadDevInEP   usb_dcd_int.o
    0x08000f88   0x000000ae   Code   RO          738    i.DCD_WriteEmptyTxFifo  usb_dcd_int.o
    0x08001036   0x00000002   Code   RO         3196    i.DebugMon_Handler  stm32f4xx_it.o
    0x08001038   0x00000014   Code   RO         3197    i.EXTI0_IRQHandler  stm32f4xx_it.o
    0x0800104c   0x0000000c   Code   RO         1462    i.EXTI_ClearITPendingBit  stm32f4xx_exti.o
    0x08001058   0x00000094   Code   RO         1467    i.EXTI_Init         stm32f4xx_exti.o
    0x080010ec   0x00000090   Code   RO         1716    i.GPIO_Init         stm32f4xx_gpio.o
    0x0800117c   0x00000046   Code   RO         1717    i.GPIO_PinAFConfig  stm32f4xx_gpio.o
    0x080011c2   0x00000004   Code   RO         3198    i.HardFault_Handler  stm32f4xx_it.o
    0x080011c6   0x00000004   Code   RO         3199    i.MemManage_Handler  stm32f4xx_it.o
    0x080011ca   0x00000002   Code   RO         3200    i.NMI_Handler       stm32f4xx_it.o
    0x080011cc   0x00000078   Code   RO          972    i.NVIC_Init         misc.o
    0x08001244   0x00000014   Code   RO          973    i.NVIC_PriorityGroupConfig  misc.o
    0x08001258   0x00000010   Code   RO         3201    i.OTG_FS_IRQHandler  stm32f4xx_it.o
    0x08001268   0x00000030   Code   RO         3202    i.OTG_FS_WKUP_IRQHandler  stm32f4xx_it.o
    0x08001298   0x00000002   Code   RO         3203    i.PendSV_Handler    stm32f4xx_it.o
    0x0800129a   0x00000002   PAD
    0x0800129c   0x00000020   Code   RO         2023    i.RCC_AHB1PeriphClockCmd  stm32f4xx_rcc.o
    0x080012bc   0x00000020   Code   RO         2026    i.RCC_AHB2PeriphClockCmd  stm32f4xx_rcc.o
    0x080012dc   0x00000020   Code   RO         2034    i.RCC_APB1PeriphResetCmd  stm32f4xx_rcc.o
    0x080012fc   0x00000020   Code   RO         2035    i.RCC_APB2PeriphClockCmd  stm32f4xx_rcc.o
    0x0800131c   0x000000e8   Code   RO         2044    i.RCC_GetClocksFreq  stm32f4xx_rcc.o
    0x08001404   0x0000004c   Code   RO          897    i.STM_EVAL_LEDInit  stm32f4_discovery.o
    0x08001450   0x00000018   Code   RO          898    i.STM_EVAL_LEDOff   stm32f4_discovery.o
    0x08001468   0x00000018   Code   RO          899    i.STM_EVAL_LEDOn    stm32f4_discovery.o
    0x08001480   0x00000024   Code   RO          900    i.STM_EVAL_LEDToggle  stm32f4_discovery.o
    0x080014a4   0x000000a8   Code   RO          902    i.STM_EVAL_PBInit   stm32f4_discovery.o
    0x0800154c   0x00000002   Code   RO         3204    i.SVC_Handler       stm32f4xx_it.o
    0x0800154e   0x00000002   PAD
    0x08001550   0x00000040   Code   RO         2468    i.SYSCFG_EXTILineConfig  stm32f4xx_syscfg.o
    0x08001590   0x00000124   Code   RO         3284    i.SetSysClock       system_stm32f4xx.o
    0x080016b4   0x0000000c   Code   RO         3205    i.SysTick_Handler   stm32f4xx_it.o
    0x080016c0   0x0000005c   Code   RO         3286    i.SystemInit        system_stm32f4xx.o
    0x0800171c   0x00000016   Code   RO          239    i.USBD_ClrCfg       usbd_core.o
    0x08001732   0x00000048   Code   RO          405    i.USBD_ClrFeature   usbd_req.o
    0x0800177a   0x0000001e   Code   RO          353    i.USBD_CtlContinueRx  usbd_ioreq.o
    0x08001798   0x0000001e   Code   RO          354    i.USBD_CtlContinueSendData  usbd_ioreq.o
    0x080017b6   0x0000001e   Code   RO          406    i.USBD_CtlError     usbd_req.o
    0x080017d4   0x0000002e   Code   RO          355    i.USBD_CtlPrepareRx  usbd_ioreq.o
    0x08001802   0x00000024   Code   RO          356    i.USBD_CtlReceiveStatus  usbd_ioreq.o
    0x08001826   0x0000002e   Code   RO          357    i.USBD_CtlSendData  usbd_ioreq.o
    0x08001854   0x00000024   Code   RO          358    i.USBD_CtlSendStatus  usbd_ioreq.o
    0x08001878   0x000000d0   Code   RO          240    i.USBD_DataInStage  usbd_core.o
    0x08001948   0x00000096   Code   RO          241    i.USBD_DataOutStage  usbd_core.o
    0x080019de   0x00000006   Code   RO          242    i.USBD_DeInit       usbd_core.o
    0x080019e4   0x00000054   Code   RO          407    i.USBD_GetConfig    usbd_req.o
    0x08001a38   0x00000122   Code   RO          408    i.USBD_GetDescriptor  usbd_req.o
    0x08001b5a   0x00000014   Code   RO          409    i.USBD_GetLen       usbd_req.o
    0x08001b6e   0x00000002   PAD
    0x08001b70   0x00000050   Code   RO          410    i.USBD_GetStatus    usbd_req.o
    0x08001bc0   0x00000052   Code   RO          411    i.USBD_GetString    usbd_req.o
    0x08001c12   0x00000042   Code   RO          243    i.USBD_Init         usbd_core.o
    0x08001c54   0x00000012   Code   RO          244    i.USBD_IsoINIncomplete  usbd_core.o
    0x08001c66   0x00000012   Code   RO          245    i.USBD_IsoOUTIncomplete  usbd_core.o
    0x08001c78   0x000000b8   Code   RO          739    i.USBD_OTG_ISR_Handler  usb_dcd_int.o
    0x08001d30   0x00000048   Code   RO          412    i.USBD_ParseSetupRequest  usbd_req.o
    0x08001d78   0x00000032   Code   RO          246    i.USBD_Reset        usbd_core.o
    0x08001daa   0x0000001e   Code   RO          247    i.USBD_Resume       usbd_core.o
    0x08001dc8   0x00000014   Code   RO          248    i.USBD_RunTestMode  usbd_core.o
    0x08001ddc   0x0000001a   Code   RO          249    i.USBD_SOF          usbd_core.o
    0x08001df6   0x0000005c   Code   RO          413    i.USBD_SetAddress   usbd_req.o
    0x08001e52   0x0000001e   Code   RO          250    i.USBD_SetCfg       usbd_core.o
    0x08001e70   0x000000d0   Code   RO          414    i.USBD_SetConfig    usbd_req.o
    0x08001f40   0x000000a4   Code   RO          415    i.USBD_SetFeature   usbd_req.o
    0x08001fe4   0x00000054   Code   RO          251    i.USBD_SetupStage   usbd_core.o
    0x08002038   0x0000007c   Code   RO          416    i.USBD_StdDevReq    usbd_req.o
    0x080020b4   0x0000015c   Code   RO          417    i.USBD_StdEPReq     usbd_req.o
    0x08002210   0x0000004c   Code   RO          418    i.USBD_StdItfReq    usbd_req.o
    0x0800225c   0x00000020   Code   RO          252    i.USBD_Suspend      usbd_core.o
    0x0800227c   0x00000038   Code   RO         3354    i.USBD_USR_ConfigStrDescriptor  usbd_desc.o
    0x080022b4   0x00000002   Code   RO         3413    i.USBD_USR_DeviceConfigured  usbd_usr.o
    0x080022b6   0x00000002   Code   RO         3414    i.USBD_USR_DeviceConnected  usbd_usr.o
    0x080022b8   0x00000010   Code   RO         3355    i.USBD_USR_DeviceDescriptor  usbd_desc.o
    0x080022c8   0x00000002   Code   RO         3415    i.USBD_USR_DeviceDisconnected  usbd_usr.o
    0x080022ca   0x00000012   Code   RO         3416    i.USBD_USR_DeviceReset  usbd_usr.o
    0x080022dc   0x00000002   Code   RO         3417    i.USBD_USR_DeviceResumed  usbd_usr.o
    0x080022de   0x00000002   Code   RO         3418    i.USBD_USR_DeviceSuspended  usbd_usr.o
    0x080022e0   0x00000068   Code   RO         3419    i.USBD_USR_Init     usbd_usr.o
    0x08002348   0x00000038   Code   RO         3356    i.USBD_USR_InterfaceStrDescriptor  usbd_desc.o
    0x08002380   0x00000010   Code   RO         3357    i.USBD_USR_LangIDStrDescriptor  usbd_desc.o
    0x08002390   0x00000020   Code   RO         3358    i.USBD_USR_ManufacturerStrDescriptor  usbd_desc.o
    0x080023b0   0x00000070   Code   RO         3359    i.USBD_USR_ProductStrDescriptor  usbd_desc.o
    0x08002420   0x00000048   Code   RO         3360    i.USBD_USR_SerialStrDescriptor  usbd_desc.o
    0x08002468   0x00000010   Code   RO           11    i.USBD_video_GetCfgDesc  usbd_video_core.o
    0x08002478   0x0000002c   Code   RO         3317    i.USB_OTG_BSP_EnableInterrupt  usb_bsp.o
    0x080024a4   0x000000a4   Code   RO         3318    i.USB_OTG_BSP_Init  usb_bsp.o
    0x08002548   0x00000012   Code   RO         3319    i.USB_OTG_BSP_mDelay  usb_bsp.o
    0x0800255a   0x0000001e   Code   RO         3320    i.USB_OTG_BSP_uDelay  usb_bsp.o
    0x08002578   0x00000126   Code   RO          504    i.USB_OTG_CoreInit  usb_core.o
    0x0800269e   0x0000020a   Code   RO          505    i.USB_OTG_CoreInitDev  usb_core.o
    0x080028a8   0x00000070   Code   RO          506    i.USB_OTG_CoreReset  usb_core.o
    0x08002918   0x00000022   Code   RO          507    i.USB_OTG_DisableGlobalInt  usb_core.o
    0x0800293a   0x0000006a   Code   RO          508    i.USB_OTG_EP0Activate  usb_core.o
    0x080029a4   0x00000156   Code   RO          509    i.USB_OTG_EP0StartXfer  usb_core.o
    0x08002afa   0x00000062   Code   RO          510    i.USB_OTG_EP0_OutStart  usb_core.o
    0x08002b5c   0x00000098   Code   RO          511    i.USB_OTG_EPActivate  usb_core.o
    0x08002bf4   0x00000050   Code   RO          512    i.USB_OTG_EPClearStall  usb_core.o
    0x08002c44   0x0000005e   Code   RO          513    i.USB_OTG_EPDeactivate  usb_core.o
    0x08002ca2   0x00000064   Code   RO          514    i.USB_OTG_EPSetStall  usb_core.o
    0x08002d06   0x000001f6   Code   RO          515    i.USB_OTG_EPStartXfer  usb_core.o
    0x08002efc   0x00000034   Code   RO          516    i.USB_OTG_EnableCommonInt  usb_core.o
    0x08002f30   0x00000082   Code   RO          517    i.USB_OTG_EnableDevInt  usb_core.o
    0x08002fb2   0x00000022   Code   RO          518    i.USB_OTG_EnableGlobalInt  usb_core.o
    0x08002fd4   0x0000004c   Code   RO          519    i.USB_OTG_FlushRxFifo  usb_core.o
    0x08003020   0x00000054   Code   RO          520    i.USB_OTG_FlushTxFifo  usb_core.o
    0x08003074   0x00000034   Code   RO          521    i.USB_OTG_GetDeviceSpeed  usb_core.o
    0x080030a8   0x0000000c   Code   RO          523    i.USB_OTG_GetMode   usb_core.o
    0x080030b4   0x00000018   Code   RO          524    i.USB_OTG_InitDevSpeed  usb_core.o
    0x080030cc   0x00000016   Code   RO          525    i.USB_OTG_IsDeviceMode  usb_core.o
    0x080030e2   0x00000010   Code   RO          527    i.USB_OTG_ReadCoreItr  usb_core.o
    0x080030f2   0x00000010   Code   RO          528    i.USB_OTG_ReadDevAllInEPItr  usb_core.o
    0x08003102   0x00000010   Code   RO          529    i.USB_OTG_ReadDevAllOutEp_itr  usb_core.o
    0x08003112   0x00000014   Code   RO          530    i.USB_OTG_ReadDevOutEP_itr  usb_core.o
    0x08003126   0x00000028   Code   RO          532    i.USB_OTG_ReadPacket  usb_core.o
    0x0800314e   0x00000002   PAD
    0x08003150   0x000000d0   Code   RO          533    i.USB_OTG_SelectCore  usb_core.o
    0x08003220   0x0000004e   Code   RO          534    i.USB_OTG_SetCurrentMode  usb_core.o
    0x0800326e   0x00000036   Code   RO          537    i.USB_OTG_UngateClock  usb_core.o
    0x080032a4   0x00000040   Code   RO          538    i.USB_OTG_WritePacket  usb_core.o
    0x080032e4   0x00000004   Code   RO         3206    i.UsageFault_Handler  stm32f4xx_it.o
    0x080032e8   0x00000040   Code   RO           12    i.VIDEO_Req_GetCurrent  usbd_video_core.o
    0x08003328   0x0000003c   Code   RO           13    i.VIDEO_Req_SetCurrent  usbd_video_core.o
    0x08003364   0x00000030   Code   RO         3574    i.__ARM_fpclassify  m_wm.l(fpclassify.o)
    0x08003394   0x00000004   PAD
    0x08003398   0x000000c8   Code   RO         3475    i.__hardfp_cos      m_wm.l(cos.o)
    0x08003460   0x000000c8   Code   RO         3487    i.__hardfp_sin      m_wm.l(sin.o)
    0x08003528   0x00000438   Code   RO         3525    i.__ieee754_rem_pio2  m_wm.l(rred.o)
    0x08003960   0x00000170   Code   RO         3508    i.__kernel_cos      m_wm.l(cos_i.o)
    0x08003ad0   0x000000f8   Code   RO         3576    i.__kernel_poly     m_wm.l(poly.o)
    0x08003bc8   0x00000130   Code   RO         3530    i.__kernel_sin      m_wm.l(sin_i.o)
    0x08003cf8   0x00000014   Code   RO         3512    i.__mathlib_dbl_infnan  m_wm.l(dunder.o)
    0x08003d0c   0x00000004   PAD
    0x08003d10   0x00000020   Code   RO         3514    i.__mathlib_dbl_invalid  m_wm.l(dunder.o)
    0x08003d30   0x00000020   Code   RO         3517    i.__mathlib_dbl_underflow  m_wm.l(dunder.o)
    0x08003d50   0x0000000e   Code   RO         3588    i.__scatterload_copy  mc_w.l(handlers.o)
    0x08003d5e   0x00000002   Code   RO         3589    i.__scatterload_null  mc_w.l(handlers.o)
    0x08003d60   0x0000000e   Code   RO         3590    i.__scatterload_zeroinit  mc_w.l(handlers.o)
    0x08003d6e   0x00000002   PAD
    0x08003d70   0x0000000c   Code   RO         3558    i.__set_errno       mc_w.l(errno.o)
    0x08003d7c   0x0000011a   Code   RO         3071    i.dct_pass1         jprocess.o
    0x08003e96   0x00000184   Code   RO         3072    i.dct_pass2         jprocess.o
    0x0800401a   0x00000002   PAD
    0x0800401c   0x000000a4   Code   RO         3139    i.draw_circle       main.o
    0x080040c0   0x00000018   Code   RO         3570    i.fabs              m_wm.l(fabs.o)
    0x080040d8   0x00000064   Code   RO         3073    i.jprocess          jprocess.o
    0x0800413c   0x00000170   Code   RO         3140    i.main              main.o
    0x080042ac   0x000000d8   Code   RO         3074    i.out_jheader       jprocess.o
    0x08004384   0x0000009c   Code   RO         3075    i.out_jtail         jprocess.o
    0x08004420   0x00000108   Code   RO         3076    i.process_quadro_block  jprocess.o
    0x08004528   0x00000038   Code   RO         3077    i.switch_buffers    jprocess.o
    0x08004560   0x00000158   Code   RO           14    i.usbd_video_DataIn  usbd_video_core.o
    0x080046b8   0x00000006   Code   RO           15    i.usbd_video_DataOut  usbd_video_core.o
    0x080046be   0x00000012   Code   RO           16    i.usbd_video_DeInit  usbd_video_core.o
    0x080046d0   0x00000006   Code   RO           17    i.usbd_video_EP0_RxReady  usbd_video_core.o
    0x080046d6   0x00000018   Code   RO           19    i.usbd_video_Init   usbd_video_core.o
    0x080046ee   0x00000002   PAD
    0x080046f0   0x00000030   Code   RO           21    i.usbd_video_SOF    usbd_video_core.o
    0x08004720   0x000000fc   Code   RO           22    i.usbd_video_Setup  usbd_video_core.o
    0x0800481c   0x000004cc   Code   RO         3078    i.z_and_q           jprocess.o
    0x08004ce8   0x00000025   Data   RO          903    .constdata          stm32f4_discovery.o
    0x08004d0d   0x00000001   PAD
    0x08004d0e   0x00013768   Data   RO         3082    .constdata          jprocess.o
    0x08018476   0x00000002   PAD
    0x08018478   0x00000030   Data   RO         3509    .constdata          m_wm.l(cos_i.o)
    0x080184a8   0x000000c8   Data   RO         3527    .constdata          m_wm.l(rred.o)
    0x08018570   0x00000028   Data   RO         3531    .constdata          m_wm.l(sin_i.o)
    0x08018598   0x00000020   Data   RO         3586    Region$$Table       anon$$obj.o


    Execution Region RW_IRAM1 (Base: 0x20000000, Size: 0x00013d08, Max: 0x00020000, ABSOLUTE, COMPRESSED[0x00000144])

    Base Addr    Size         Type   Attr      Idx    E Section Name        Object

    0x20000000   0x0000012d   Data   RW           24    .data               usbd_video_core.o
    0x2000012d   0x00000003   PAD
    0x20000130   0x00000034   Data   RW          253    .data               usbd_core.o
    0x20000164   0x00000011   Data   RW          420    .data               usbd_req.o
    0x20000175   0x00000003   PAD
    0x20000178   0x00000018   Data   RW          904    .data               stm32f4_discovery.o
    0x20000190   0x00000010   Data   RW         2067    .data               stm32f4xx_rcc.o
    0x200001a0   0x00000018   Data   RW         3083    .data               jprocess.o
    0x200001b8   0x00000021   Data   RW         3142    .data               main.o
    0x200001d9   0x00000001   Data   RW         3207    .data               stm32f4xx_it.o
    0x200001da   0x00000002   PAD
    0x200001dc   0x00000014   Data   RW         3287    .data               system_stm32f4xx.o
    0x200001f0   0x0000003c   Data   RW         3361    .data               usbd_desc.o
    0x2000022c   0x0000001c   Data   RW         3420    .data               usbd_usr.o
    0x20000248   0x00000004   Data   RW         3559    .data               mc_w.l(errno.o)
    0x2000024c   0x000000c8   Zero   RW          419    .bss                usbd_req.o
    0x20000314   0x00000400   Zero   RW         3081    .bss                jprocess.o
    0x20000714   0x000131f4   Zero   RW         3141    .bss                main.o
    0x20013908   0x00000400   Zero   RW            1    STACK               startup_stm32f4xx.o



  Load Region LR$$.ARM.__AT_0x10000000 (Base: 0x10000000, Size: 0x00000000, Max: 0x00007d00, ABSOLUTE)

    Execution Region ER$$.ARM.__AT_0x10000000 (Base: 0x10000000, Size: 0x00007d00, Max: 0x00007d00, ABSOLUTE, UNINIT)

    Base Addr    Size         Type   Attr      Idx    E Section Name        Object

    0x10000000   0x00007d00   Zero   RW         3079    .ARM.__AT_0x10000000  jprocess.o



  Load Region LR$$.ARM.__AT_0x10008000 (Base: 0x10008000, Size: 0x00000000, Max: 0x00007d00, ABSOLUTE)

    Execution Region ER$$.ARM.__AT_0x10008000 (Base: 0x10008000, Size: 0x00007d00, Max: 0x00007d00, ABSOLUTE, UNINIT)

    Base Addr    Size         Type   Attr      Idx    E Section Name        Object

    0x10008000   0x00007d00   Zero   RW         3080    .ARM.__AT_0x10008000  jprocess.o


==============================================================================

Image component sizes


      Code (inc. data)   RO Data    RW Data    ZI Data      Debug   Object Name

      2690        130      79720         24      65024      12221   jprocess.o
       532         82          0         33      78324       2631   main.o
       140         24          0          0          0       3731   misc.o
        36          8        392          0       1024        872   startup_stm32f4xx.o
       328         68         37         24          0     217818   stm32f4_discovery.o
       160         12          0          0          0       4393   stm32f4xx_exti.o
       214          0          0          0          0       8611   stm32f4xx_gpio.o
       120         24          0          1          0       6230   stm32f4xx_it.o
       360         42          0         16          0      18712   stm32f4xx_rcc.o
        64          4          0          0          0        752   stm32f4xx_syscfg.o
       384         40          0         20          0       1973   system_stm32f4xx.o
       256          4          0          0          0       2831   usb_bsp.o
      3434         18          0          0          0      24054   usb_core.o
       702          0          0          0          0       7215   usb_dcd.o
      1868         42          0          0          0       9167   usb_dcd_int.o
       760          6          0         52          0      31736   usbd_core.o
       360        184          0         60          0       5872   usbd_desc.o
       224          0          0          0          0       4984   usbd_ioreq.o
      1742         58          0         17        200      11676   usbd_req.o
       132         14          0         28          0      22232   usbd_usr.o
       838         90          0        301          0     264315   usbd_video_core.o

    ----------------------------------------------------------------------
     15356        850      80184        584     144572     662026   Object Totals
         0          0         32          0          0          0   (incl. Generated)
        12          0          3          8          0          0   (incl. Padding)

    ----------------------------------------------------------------------

      Code (inc. data)   RO Data    RW Data    ZI Data      Debug   Library Member Name

       200         20          0          0          0        164   cos.o
       368         46         48          0          0        200   cos_i.o
        84         16          0          0          0        372   dunder.o
        24          0          0          0          0        124   fabs.o
        48          0          0          0          0        124   fpclassify.o
       248          0          0          0          0        152   poly.o
      1080        142        200          0          0        188   rred.o
       200         20          0          0          0        164   sin.o
       304         24         40          0          0        208   sin_i.o
        86          0          0          0          0          0   __dczerorl2.o
         0          0          0          0          0          0   entry.o
         0          0          0          0          0          0   entry10a.o
         0          0          0          0          0          0   entry11a.o
         8          4          0          0          0          0   entry2.o
         4          0          0          0          0          0   entry5.o
         0          0          0          0          0          0   entry7b.o
         0          0          0          0          0          0   entry8b.o
         8          4          0          0          0          0   entry9a.o
        12          6          0          4          0         68   errno.o
        30          0          0          0          0          0   handlers.o
        36          8          0          0          0         68   init.o
         0          0          0          0          0          0   iusefp.o
        30          0          0          0          0         68   llshl.o
        36          0          0          0          0         68   llsshr.o
        32          0          0          0          0         68   llushr.o
       334          0          0          0          0        148   dadd.o
       222          0          0          0          0        100   ddiv.o
       186          0          0          0          0        176   depilogue.o
        62          0          0          0          0         80   dfixi.o
        34          0          0          0          0         76   dflti.o
        26          0          0          0          0         76   dfltui.o
       228          0          0          0          0         96   dmul.o

    ----------------------------------------------------------------------
      3940        290        288          4          0       2788   Library Totals
        10          0          0          0          0          0   (incl. Padding)

    ----------------------------------------------------------------------

      Code (inc. data)   RO Data    RW Data    ZI Data      Debug   Library Name

      2556        268        288          0          0       1696   m_wm.l
       282         22          0          4          0        340   mc_w.l
      1092          0          0          0          0        752   mf_w.l

    ----------------------------------------------------------------------
      3940        290        288          4          0       2788   Library Totals

    ----------------------------------------------------------------------

==============================================================================


      Code (inc. data)   RO Data    RW Data    ZI Data      Debug   

     19296       1140      80472        588     144572     648830   Grand Totals
     19296       1140      80472        324     144572     648830   ELF Image Totals (compressed)
     19296       1140      80472        324          0          0   ROM Totals

==============================================================================

    Total RO  Size (Code + RO Data)                99768 (  97.43kB)
    Total RW  Size (RW Data + ZI Data)            145160 ( 141.76kB)
    Total ROM Size (Code + RO Data + RW Data)     100092 (  97.75kB)

==============================================================================

